Archive member included to satisfy reference by file (symbol)

/usr/lib/gcc/arm-none-eabi/8.3.1/../../../arm-none-eabi/lib/thumb/v7-m/nofp/libc.a(lib_a-atexit.o)
                              /usr/lib/gcc/arm-none-eabi/8.3.1/../../../arm-none-eabi/lib/thumb/v7-m/nofp/crt0.o (atexit)
/usr/lib/gcc/arm-none-eabi/8.3.1/../../../arm-none-eabi/lib/thumb/v7-m/nofp/libc.a(lib_a-exit.o)
                              /usr/lib/gcc/arm-none-eabi/8.3.1/../../../arm-none-eabi/lib/thumb/v7-m/nofp/crt0.o (exit)
/usr/lib/gcc/arm-none-eabi/8.3.1/../../../arm-none-eabi/lib/thumb/v7-m/nofp/libc.a(lib_a-fini.o)
                              /usr/lib/gcc/arm-none-eabi/8.3.1/../../../arm-none-eabi/lib/thumb/v7-m/nofp/crt0.o (__libc_fini_array)
/usr/lib/gcc/arm-none-eabi/8.3.1/../../../arm-none-eabi/lib/thumb/v7-m/nofp/libc.a(lib_a-impure.o)
                              /usr/lib/gcc/arm-none-eabi/8.3.1/../../../arm-none-eabi/lib/thumb/v7-m/nofp/libc.a(lib_a-exit.o) (_global_impure_ptr)
/usr/lib/gcc/arm-none-eabi/8.3.1/../../../arm-none-eabi/lib/thumb/v7-m/nofp/libc.a(lib_a-init.o)
                              /usr/lib/gcc/arm-none-eabi/8.3.1/../../../arm-none-eabi/lib/thumb/v7-m/nofp/crt0.o (__libc_init_array)
/usr/lib/gcc/arm-none-eabi/8.3.1/../../../arm-none-eabi/lib/thumb/v7-m/nofp/libc.a(lib_a-memset.o)
                              /usr/lib/gcc/arm-none-eabi/8.3.1/../../../arm-none-eabi/lib/thumb/v7-m/nofp/crt0.o (memset)
/usr/lib/gcc/arm-none-eabi/8.3.1/../../../arm-none-eabi/lib/thumb/v7-m/nofp/libc.a(lib_a-__atexit.o)
                              /usr/lib/gcc/arm-none-eabi/8.3.1/../../../arm-none-eabi/lib/thumb/v7-m/nofp/libc.a(lib_a-atexit.o) (__register_exitproc)
/usr/lib/gcc/arm-none-eabi/8.3.1/../../../arm-none-eabi/lib/thumb/v7-m/nofp/libc.a(lib_a-__call_atexit.o)
                              /usr/lib/gcc/arm-none-eabi/8.3.1/../../../arm-none-eabi/lib/thumb/v7-m/nofp/libc.a(lib_a-exit.o) (__call_exitprocs)
/usr/lib/gcc/arm-none-eabi/8.3.1/thumb/v7-m/nofp/libgcc.a(_arm_addsubsf3.o)
                              ware/usart/usart.o (__aeabi_fsub)
/usr/lib/gcc/arm-none-eabi/8.3.1/thumb/v7-m/nofp/libgcc.a(_arm_muldivsf3.o)
                              ware/usart/usart.o (__aeabi_fmul)
/usr/lib/gcc/arm-none-eabi/8.3.1/thumb/v7-m/nofp/libgcc.a(_arm_fixunssfsi.o)
                              ware/usart/usart.o (__aeabi_f2uiz)

Allocating common symbols
Common symbol       size              file

USART_RX_BUF        0xc8              ware/usart/usart.o

Discarded input sections

 .text          0x0000000000000000        0x0 /usr/lib/gcc/arm-none-eabi/8.3.1/thumb/v7-m/nofp/crti.o
 .data          0x0000000000000000        0x0 /usr/lib/gcc/arm-none-eabi/8.3.1/thumb/v7-m/nofp/crti.o
 .bss           0x0000000000000000        0x0 /usr/lib/gcc/arm-none-eabi/8.3.1/thumb/v7-m/nofp/crti.o
 .data          0x0000000000000000        0x4 /usr/lib/gcc/arm-none-eabi/8.3.1/thumb/v7-m/nofp/crtbegin.o
 .text          0x0000000000000000       0x70 /usr/lib/gcc/arm-none-eabi/8.3.1/../../../arm-none-eabi/lib/thumb/v7-m/nofp/crt0.o
 .data          0x0000000000000000        0x0 /usr/lib/gcc/arm-none-eabi/8.3.1/../../../arm-none-eabi/lib/thumb/v7-m/nofp/crt0.o
 .bss           0x0000000000000000        0x0 /usr/lib/gcc/arm-none-eabi/8.3.1/../../../arm-none-eabi/lib/thumb/v7-m/nofp/crt0.o
 .ARM.extab     0x0000000000000000        0x0 /usr/lib/gcc/arm-none-eabi/8.3.1/../../../arm-none-eabi/lib/thumb/v7-m/nofp/crt0.o
 .ARM.exidx     0x0000000000000000       0x10 /usr/lib/gcc/arm-none-eabi/8.3.1/../../../arm-none-eabi/lib/thumb/v7-m/nofp/crt0.o
 .debug_line    0x0000000000000000       0x87 /usr/lib/gcc/arm-none-eabi/8.3.1/../../../arm-none-eabi/lib/thumb/v7-m/nofp/crt0.o
 .debug_info    0x0000000000000000       0x26 /usr/lib/gcc/arm-none-eabi/8.3.1/../../../arm-none-eabi/lib/thumb/v7-m/nofp/crt0.o
 .debug_abbrev  0x0000000000000000       0x14 /usr/lib/gcc/arm-none-eabi/8.3.1/../../../arm-none-eabi/lib/thumb/v7-m/nofp/crt0.o
 .debug_aranges
                0x0000000000000000       0x20 /usr/lib/gcc/arm-none-eabi/8.3.1/../../../arm-none-eabi/lib/thumb/v7-m/nofp/crt0.o
 .debug_str     0x0000000000000000       0x97 /usr/lib/gcc/arm-none-eabi/8.3.1/../../../arm-none-eabi/lib/thumb/v7-m/nofp/crt0.o
 .ARM.attributes
                0x0000000000000000       0x1b /usr/lib/gcc/arm-none-eabi/8.3.1/../../../arm-none-eabi/lib/thumb/v7-m/nofp/crt0.o
 .text          0x0000000000000000       0x14 lib/startup_stm32f10x_hd.o
 .data          0x0000000000000000        0x0 lib/startup_stm32f10x_hd.o
 .bss           0x0000000000000000        0x0 lib/startup_stm32f10x_hd.o
 .data          0x0000000000000000        0x0 lib/stm32f10x_it.o
 .bss           0x0000000000000000        0x0 lib/stm32f10x_it.o
 .bss           0x0000000000000000        0x0 lib/system_stm32f10x.o
 .text          0x0000000000000000       0xc8 lib/src/stm32f10x_crc.o
 .data          0x0000000000000000        0x0 lib/src/stm32f10x_crc.o
[...]
Memory Configuration

Name             Origin             Length             Attributes
FLASH            0x0000000008000000 0x0000000000080000 xr
RAM              0x0000000020000000 0x0000000000010000 xrw
MEMORY_B1        0x0000000060000000 0x0000000000000000 xr
*default*        0x0000000000000000 0xffffffffffffffff

Linker script and memory map

LOAD /usr/lib/gcc/arm-none-eabi/8.3.1/thumb/v7-m/nofp/crti.o
LOAD /usr/lib/gcc/arm-none-eabi/8.3.1/thumb/v7-m/nofp/crtbegin.o
LOAD /usr/lib/gcc/arm-none-eabi/8.3.1/../../../arm-none-eabi/lib/thumb/v7-m/nofp/crt0.o
LOAD lib/startup_stm32f10x_hd.o
LOAD lib/stm32f10x_it.o
LOAD lib/system_stm32f10x.o
LOAD lib/src/stm32f10x_crc.o
LOAD lib/src/stm32f10x_adc.o
LOAD lib/src/stm32f10x_cec.o
LOAD lib/src/stm32f10x_exti.o
LOAD lib/src/misc.o
LOAD lib/src/stm32f10x_i2c.o
LOAD lib/src/stm32f10x_tim.o
LOAD lib/src/stm32f10x_spi.o
LOAD lib/src/stm32f10x_sdio.o
LOAD lib/src/stm32f10x_iwdg.o
LOAD lib/src/stm32f10x_wwdg.o
LOAD lib/src/stm32f10x_flash.o
LOAD lib/src/stm32f10x_dbgmcu.o
LOAD lib/src/stm32f10x_dma.o
LOAD lib/src/stm32f10x_fsmc.o
LOAD lib/src/stm32f10x_can.o
LOAD lib/src/stm32f10x_pwr.o
LOAD lib/src/stm32f10x_bkp.o
LOAD lib/src/stm32f10x_gpio.o
LOAD lib/src/stm32f10x_rtc.o
LOAD lib/src/stm32f10x_rcc.o
LOAD lib/src/stm32f10x_usart.o
LOAD lib/src/stm32f10x_dac.o
LOAD ware/sys/sys.o
LOAD ware/delay/delay.o
LOAD ware/usart/usart.o
LOAD ware/wwdg/wwdg.o
LOAD ware/exti/exti.o
LOAD ware/beep/beep.o
LOAD ware/led/led.o
LOAD ware/key/key.o
LOAD ware/iwdg/iwdg.o
LOAD main.o
                0x0000000000000080                malloc_getpagesize_P = 0x80
START GROUP
LOAD /usr/lib/gcc/arm-none-eabi/8.3.1/../../../arm-none-eabi/lib/thumb/v7-m/nofp/libc.a
LOAD /usr/lib/gcc/arm-none-eabi/8.3.1/../../../arm-none-eabi/lib/thumb/v7-m/nofp/libm.a
END GROUP
START GROUP
LOAD /usr/lib/gcc/arm-none-eabi/8.3.1/thumb/v7-m/nofp/libgcc.a
LOAD /usr/lib/gcc/arm-none-eabi/8.3.1/../../../arm-none-eabi/lib/thumb/v7-m/nofp/libg.a
LOAD /usr/lib/gcc/arm-none-eabi/8.3.1/../../../arm-none-eabi/lib/thumb/v7-m/nofp/libc.a
END GROUP
LOAD /usr/lib/gcc/arm-none-eabi/8.3.1/thumb/v7-m/nofp/crtend.o
LOAD /usr/lib/gcc/arm-none-eabi/8.3.1/thumb/v7-m/nofp/crtn.o
                0x0000000020010000                _estack = 0x20010000
                0x0000000000000000                _Min_Heap_Size = 0x0
                0x0000000000000200                _Min_Stack_Size = 0x200

.isr_vector     0x0000000008000000      0x1e4
                0x0000000008000000                . = ALIGN (0x4)
 *(.isr_vector)
 .isr_vector    0x0000000008000000      0x1e4 lib/startup_stm32f10x_hd.o
                0x0000000008000000                g_pfnVectors
                0x00000000080001e4                . = ALIGN (0x4)

.eh_frame       0x00000000080001e4        0x0
 .eh_frame      0x00000000080001e4        0x0 /usr/lib/gcc/arm-none-eabi/8.3.1/thumb/v7-m/nofp/crtbegin.o

.text           0x00000000080001e4     0x14a0
                0x00000000080001e4                . = ALIGN (0x4)
 *(.text)
 .text          0x00000000080001e4       0x88 /usr/lib/gcc/arm-none-eabi/8.3.1/thumb/v7-m/nofp/crtbegin.o
 .text          0x000000000800026c       0x54 lib/stm32f10x_it.o
                0x000000000800026c                NMI_Handler
                0x0000000008000278                HardFault_Handler
                0x000000000800027e                MemManage_Handler
                0x0000000008000284                BusFault_Handler
                0x000000000800028a                UsageFault_Handler
                0x0000000008000290                SVC_Handler
                0x000000000800029c                DebugMon_Handler
                0x00000000080002a8                PendSV_Handler
                0x00000000080002b4                SysTick_Handler
 .text          0x00000000080002c0      0x250 lib/system_stm32f10x.o
                0x00000000080002c0                SystemInit
                0x0000000008000328                SystemCoreClockUpdate
 .text          0x0000000008000510      0x3e4 ware/sys/sys.o
                0x0000000008000510                MY_NVIC_SetVectorTable
                0x000000000800053c                MY_NVIC_PriorityGroupConfig
                0x0000000008000590                MY_NVIC_Init
                0x0000000008000634                Ex_NVIC_Config
                0x000000000800070c                MYRCC_DeInit
                0x000000000800078c                Sys_Standby
                0x00000000080007e0                Sys_Soft_Reset
                0x00000000080007fc                JTAG_Set
                0x0000000008000848                Stm32_Clock_Init
 .text          0x00000000080008f4      0x10c ware/delay/delay.o
                0x00000000080008f4                delay_init
                0x0000000008000944                delay_us
                0x00000000080009a0                delay_ms
 .text          0x0000000008000a00      0x1b4 ware/usart/usart.o
                0x0000000008000a00                USART1_IRQHandler
                0x0000000008000aa8                uart_init
 .text          0x0000000008000bb4      0x100 ware/wwdg/wwdg.o
                0x0000000008000bb4                wwdginit
                0x0000000008000c58                wwdgsetcounter
                0x0000000008000c7c                WWDG_IRQHandler
 .text          0x0000000008000cb4      0x104 ware/exti/exti.o
                0x0000000008000cb4                EXTI0_IRQHandler
                0x0000000008000cf0                EXTI3_IRQHandler
                0x0000000008000d2c                EXTI4_IRQHandler
                0x0000000008000d68                extixinit
 .text          0x0000000008000db8       0x44 ware/beep/beep.o
                0x0000000008000db8                beepinit
 .text          0x0000000008000dfc       0x78 ware/led/led.o
                0x0000000008000dfc                ledinit
 .text          0x0000000008000e74      0x110 ware/key/key.o
                0x0000000008000e74                keyinit
                0x0000000008000ee0                keyscan
 .text          0x0000000008000f84       0x9c main.o
                0x0000000008000f84                main
                0x0000000008000faa                keydown
 .text          0x0000000008001020        0xc /usr/lib/gcc/arm-none-eabi/8.3.1/../../../arm-none-eabi/lib/thumb/v7-m/nofp/libc.a(lib_a-atexit.o)
                0x0000000008001020                atexit
 .text          0x000000000800102c       0x34 /usr/lib/gcc/arm-none-eabi/8.3.1/../../../arm-none-eabi/lib/thumb/v7-m/nofp/libc.a(lib_a-fini.o)
                0x000000000800102c                __libc_fini_array
 .text          0x0000000008001060       0x48 /usr/lib/gcc/arm-none-eabi/8.3.1/../../../arm-none-eabi/lib/thumb/v7-m/nofp/libc.a(lib_a-init.o)
                0x0000000008001060                __libc_init_array
 .text          0x00000000080010a8       0x64 /usr/lib/gcc/arm-none-eabi/8.3.1/../../../arm-none-eabi/lib/thumb/v7-m/nofp/libc.a(lib_a-__atexit.o)
                0x00000000080010a8                __register_exitproc
 .text          0x000000000800110c      0x21c /usr/lib/gcc/arm-none-eabi/8.3.1/thumb/v7-m/nofp/libgcc.a(_arm_addsubsf3.o)
                0x000000000800110c                __aeabi_frsub
                0x0000000008001114                __subsf3
                0x0000000008001114                __aeabi_fsub
                0x0000000008001118                __aeabi_fadd
                0x0000000008001118                __addsf3
                0x0000000008001278                __aeabi_ui2f
                0x0000000008001278                __floatunsisf
                0x0000000008001280                __aeabi_i2f
                0x0000000008001280                __floatsisf
                0x000000000800129c                __floatundisf
                0x000000000800129c                __aeabi_ul2f
                0x00000000080012ac                __floatdisf
                0x00000000080012ac                __aeabi_l2f
 .text          0x0000000008001328      0x2a0 /usr/lib/gcc/arm-none-eabi/8.3.1/thumb/v7-m/nofp/libgcc.a(_arm_muldivsf3.o)
                0x0000000008001328                __mulsf3
                0x0000000008001328                __aeabi_fmul
                0x0000000008001490                __divsf3
                0x0000000008001490                __aeabi_fdiv
 .text          0x00000000080015c8       0x40 /usr/lib/gcc/arm-none-eabi/8.3.1/thumb/v7-m/nofp/libgcc.a(_arm_fixunssfsi.o)
                0x00000000080015c8                __aeabi_f2uiz
                0x00000000080015c8                __fixunssfsi
 *(.text*)
 .text.Reset_Handler
                0x0000000008001608       0x48 lib/startup_stm32f10x_hd.o
                0x0000000008001608                Reset_Handler
 .text.Default_Handler
                0x0000000008001650        0x2 lib/startup_stm32f10x_hd.o
                0x0000000008001650                EXTI2_IRQHandler
                0x0000000008001650                TIM8_TRG_COM_IRQHandler
                0x0000000008001650                TIM8_CC_IRQHandler
                0x0000000008001650                TIM1_CC_IRQHandler
                0x0000000008001650                TIM6_IRQHandler
                0x0000000008001650                PVD_IRQHandler
                0x0000000008001650                SDIO_IRQHandler
                0x0000000008001650                I2C2_EV_IRQHandler
                0x0000000008001650                ADC1_2_IRQHandler
                0x0000000008001650                SPI1_IRQHandler
                0x0000000008001650                TAMPER_IRQHandler
                0x0000000008001650                TIM8_UP_IRQHandler
                0x0000000008001650                DMA2_Channel2_IRQHandler
                0x0000000008001650                DMA1_Channel4_IRQHandler
                0x0000000008001650                USART3_IRQHandler
                0x0000000008001650                RTC_IRQHandler
                0x0000000008001650                DMA1_Channel7_IRQHandler
                0x0000000008001650                CAN1_RX1_IRQHandler
                0x0000000008001650                UART5_IRQHandler
                0x0000000008001650                ADC3_IRQHandler
                0x0000000008001650                TIM4_IRQHandler
                0x0000000008001650                DMA2_Channel1_IRQHandler
                0x0000000008001650                I2C1_EV_IRQHandler
                0x0000000008001650                DMA1_Channel6_IRQHandler
                0x0000000008001650                UART4_IRQHandler
                0x0000000008001650                TIM3_IRQHandler
                0x0000000008001650                RCC_IRQHandler
                0x0000000008001650                TIM1_TRG_COM_IRQHandler
                0x0000000008001650                DMA1_Channel1_IRQHandler
                0x0000000008001650                Default_Handler
                0x0000000008001650                EXTI15_10_IRQHandler
                0x0000000008001650                TIM7_IRQHandler
                0x0000000008001650                TIM5_IRQHandler
                0x0000000008001650                EXTI9_5_IRQHandler
                0x0000000008001650                SPI2_IRQHandler
                0x0000000008001650                DMA1_Channel5_IRQHandler
                0x0000000008001650                USB_LP_CAN1_RX0_IRQHandler
                0x0000000008001650                USB_HP_CAN1_TX_IRQHandler
                0x0000000008001650                DMA1_Channel3_IRQHandler
                0x0000000008001650                FSMC_IRQHandler
                0x0000000008001650                TIM1_UP_IRQHandler
                0x0000000008001650                TIM2_IRQHandler
                0x0000000008001650                TIM1_BRK_IRQHandler
                0x0000000008001650                EXTI1_IRQHandler
                0x0000000008001650                RTCAlarm_IRQHandler
                0x0000000008001650                DMA2_Channel4_5_IRQHandler
                0x0000000008001650                USART2_IRQHandler
                0x0000000008001650                I2C2_ER_IRQHandler
                0x0000000008001650                DMA1_Channel2_IRQHandler
                0x0000000008001650                TIM8_BRK_IRQHandler
                0x0000000008001650                CAN1_SCE_IRQHandler
                0x0000000008001650                FLASH_IRQHandler
                0x0000000008001650                SPI3_IRQHandler
                0x0000000008001650                I2C1_ER_IRQHandler
                0x0000000008001650                USBWakeUp_IRQHandler
                0x0000000008001650                DMA2_Channel3_IRQHandler
 *fill*         0x0000000008001652        0x2 
 .text.startup  0x0000000008001654       0x14 /usr/lib/gcc/arm-none-eabi/8.3.1/../../../arm-none-eabi/lib/thumb/v7-m/nofp/libc.a(lib_a-__call_atexit.o)
 *(.rodata)
 .rodata        0x0000000008001668        0x4 /usr/lib/gcc/arm-none-eabi/8.3.1/../../../arm-none-eabi/lib/thumb/v7-m/nofp/libc.a(lib_a-impure.o)
                0x0000000008001668                _global_impure_ptr
 *(.rodata*)
 *(.glue_7)
 .glue_7        0x000000000800166c        0x0 linker stubs
 *(.glue_7t)
 .glue_7t       0x000000000800166c        0x0 linker stubs
 *(.init)
 .init          0x000000000800166c        0x4 /usr/lib/gcc/arm-none-eabi/8.3.1/thumb/v7-m/nofp/crti.o
                0x000000000800166c                _init
 .init          0x0000000008001670        0x8 /usr/lib/gcc/arm-none-eabi/8.3.1/thumb/v7-m/nofp/crtn.o
 *(.fini)
 .fini          0x0000000008001678        0x4 /usr/lib/gcc/arm-none-eabi/8.3.1/thumb/v7-m/nofp/crti.o
                0x0000000008001678                _fini
 .fini          0x000000000800167c        0x8 /usr/lib/gcc/arm-none-eabi/8.3.1/thumb/v7-m/nofp/crtn.o
                0x0000000008001684                . = ALIGN (0x4)
                0x0000000008001684                _etext = .

.vfp11_veneer   0x0000000008001684        0x0
 .vfp11_veneer  0x0000000008001684        0x0 linker stubs

.v4_bx          0x0000000008001684        0x0
 .v4_bx         0x0000000008001684        0x0 linker stubs

.iplt           0x0000000008001684        0x0
 .iplt          0x0000000008001684        0x0 /usr/lib/gcc/arm-none-eabi/8.3.1/thumb/v7-m/nofp/crtbegin.o

.rel.dyn        0x0000000008001684        0x0
 .rel.iplt      0x0000000008001684        0x0 /usr/lib/gcc/arm-none-eabi/8.3.1/thumb/v7-m/nofp/crtbegin.o

.ARM.extab
 *(.ARM.extab* .gnu.linkonce.armextab.*)

.ARM            0x0000000008001684        0x0
                0x0000000008001684                __exidx_start = .
 *(.ARM.exidx*)
                0x0000000008001684                __exidx_end = .

.ARM.attributes
                0x0000000008001684       0x29
 *(.ARM.attributes)
 .ARM.attributes
                0x0000000008001684       0x1d /usr/lib/gcc/arm-none-eabi/8.3.1/thumb/v7-m/nofp/crti.o
 .ARM.attributes
                0x00000000080016a1       0x2d /usr/lib/gcc/arm-none-eabi/8.3.1/thumb/v7-m/nofp/crtbegin.o
 .ARM.attributes
                0x00000000080016ce       0x21 lib/startup_stm32f10x_hd.o
 .ARM.attributes
                0x00000000080016ef       0x2d lib/stm32f10x_it.o
 .ARM.attributes
                0x000000000800171c       0x2d lib/system_stm32f10x.o
 .ARM.attributes
                0x0000000008001749       0x2d ware/sys/sys.o
 .ARM.attributes
                0x0000000008001776       0x2d ware/delay/delay.o
 .ARM.attributes
                0x00000000080017a3       0x2d ware/usart/usart.o
 .ARM.attributes
                0x00000000080017d0       0x2d ware/wwdg/wwdg.o
 .ARM.attributes
                0x00000000080017fd       0x2d ware/exti/exti.o
 .ARM.attributes
                0x000000000800182a       0x2d ware/beep/beep.o
 .ARM.attributes
                0x0000000008001857       0x2d ware/led/led.o
 .ARM.attributes
                0x0000000008001884       0x2d ware/key/key.o
 .ARM.attributes
                0x00000000080018b1       0x2d main.o
 .ARM.attributes
                0x00000000080018de       0x2d /usr/lib/gcc/arm-none-eabi/8.3.1/../../../arm-none-eabi/lib/thumb/v7-m/nofp/libc.a(lib_a-atexit.o)
 .ARM.attributes
                0x000000000800190b       0x2d /usr/lib/gcc/arm-none-eabi/8.3.1/../../../arm-none-eabi/lib/thumb/v7-m/nofp/libc.a(lib_a-fini.o)
 .ARM.attributes
                0x0000000008001938       0x2d /usr/lib/gcc/arm-none-eabi/8.3.1/../../../arm-none-eabi/lib/thumb/v7-m/nofp/libc.a(lib_a-impure.o)
 .ARM.attributes
                0x0000000008001965       0x2d /usr/lib/gcc/arm-none-eabi/8.3.1/../../../arm-none-eabi/lib/thumb/v7-m/nofp/libc.a(lib_a-init.o)
 .ARM.attributes
                0x0000000008001992       0x2d /usr/lib/gcc/arm-none-eabi/8.3.1/../../../arm-none-eabi/lib/thumb/v7-m/nofp/libc.a(lib_a-__atexit.o)
 .ARM.attributes
                0x00000000080019bf       0x2d /usr/lib/gcc/arm-none-eabi/8.3.1/../../../arm-none-eabi/lib/thumb/v7-m/nofp/libc.a(lib_a-__call_atexit.o)
 .ARM.attributes
                0x00000000080019ec       0x1d /usr/lib/gcc/arm-none-eabi/8.3.1/thumb/v7-m/nofp/libgcc.a(_arm_addsubsf3.o)
 .ARM.attributes
                0x0000000008001a09       0x1d /usr/lib/gcc/arm-none-eabi/8.3.1/thumb/v7-m/nofp/libgcc.a(_arm_muldivsf3.o)
 .ARM.attributes
                0x0000000008001a26       0x1d /usr/lib/gcc/arm-none-eabi/8.3.1/thumb/v7-m/nofp/libgcc.a(_arm_fixunssfsi.o)
 .ARM.attributes
                0x0000000008001a43       0x2d /usr/lib/gcc/arm-none-eabi/8.3.1/thumb/v7-m/nofp/crtend.o
 .ARM.attributes
                0x0000000008001a70       0x1d /usr/lib/gcc/arm-none-eabi/8.3.1/thumb/v7-m/nofp/crtn.o

.preinit_array  0x0000000008001684        0x0
                0x0000000008001684                PROVIDE (__preinit_array_start = .)
 *(.preinit_array*)
                0x0000000008001684                PROVIDE (__preinit_array_end = .)

.init_array     0x0000000008001684        0x8
                0x0000000008001684                PROVIDE (__init_array_start = .)
 *(SORT_BY_NAME(.init_array.*))
 .init_array.00000
                0x0000000008001684        0x4 /usr/lib/gcc/arm-none-eabi/8.3.1/../../../arm-none-eabi/lib/thumb/v7-m/nofp/libc.a(lib_a-__call_atexit.o)
 *(.init_array*)
 .init_array    0x0000000008001688        0x4 /usr/lib/gcc/arm-none-eabi/8.3.1/thumb/v7-m/nofp/crtbegin.o
                0x000000000800168c                PROVIDE (__init_array_end = .)

.fini_array     0x000000000800168c        0x4
                0x000000000800168c                PROVIDE (__fini_array_start = .)
 *(.fini_array*)
 .fini_array    0x000000000800168c        0x4 /usr/lib/gcc/arm-none-eabi/8.3.1/thumb/v7-m/nofp/crtbegin.o
 *(SORT_BY_NAME(.fini_array.*))
                0x0000000008001690                PROVIDE (__fini_array_end = .)
                0x0000000008001690                _sidata = .

.data           0x0000000020000000      0x448 load address 0x0000000008001690
                0x0000000020000000                . = ALIGN (0x4)
                0x0000000020000000                _sdata = .
 *(.data)
 .data          0x0000000020000000       0x14 lib/system_stm32f10x.o
                0x0000000020000000                SystemCoreClock
                0x0000000020000004                AHBPrescTable
 .data          0x0000000020000014        0x1 ware/wwdg/wwdg.o
                0x0000000020000014                WWDG_CNT
 .data          0x0000000020000015        0x1 ware/key/key.o
 *fill*         0x0000000020000016        0x2 
 .data          0x0000000020000018      0x430 /usr/lib/gcc/arm-none-eabi/8.3.1/../../../arm-none-eabi/lib/thumb/v7-m/nofp/libc.a(lib_a-impure.o)
                0x0000000020000018                _impure_ptr
 *(.data*)
                0x0000000020000448                . = ALIGN (0x4)
                0x0000000020000448                _edata = .

.tm_clone_table
                0x0000000020000448        0x0 load address 0x0000000008001ad8
 .tm_clone_table
                0x0000000020000448        0x0 /usr/lib/gcc/arm-none-eabi/8.3.1/thumb/v7-m/nofp/crtbegin.o
 .tm_clone_table
                0x0000000020000448        0x0 /usr/lib/gcc/arm-none-eabi/8.3.1/thumb/v7-m/nofp/crtend.o

.igot.plt       0x0000000020000448        0x0 load address 0x0000000008001ad8
 .igot.plt      0x0000000020000448        0x0 /usr/lib/gcc/arm-none-eabi/8.3.1/thumb/v7-m/nofp/crtbegin.o
                0x0000000020000448                . = ALIGN (0x4)

.bss            0x0000000020000448       0xec load address 0x0000000008001ad8
                0x0000000020000448                _sbss = .
                0x0000000020000448                __bss_start__ = _sbss
 *(.bss)
 .bss           0x0000000020000448       0x1c /usr/lib/gcc/arm-none-eabi/8.3.1/thumb/v7-m/nofp/crtbegin.o
 .bss           0x0000000020000464        0x4 ware/delay/delay.o
 .bss           0x0000000020000468        0x2 ware/usart/usart.o
                0x0000000020000468                USART_RX_STA
 *(.bss*)
 *(COMMON)
 *fill*         0x000000002000046a        0x2 
 COMMON         0x000000002000046c       0xc8 ware/usart/usart.o
                0x000000002000046c                USART_RX_BUF
                0x0000000020000534                . = ALIGN (0x4)
                0x0000000020000534                _ebss = .
                0x0000000020000534                __bss_end__ = _ebss
                [!provide]                        PROVIDE (end = _ebss)
                [!provide]                        PROVIDE (_end = _ebss)

._user_heap_stack
                0x0000000020000534      0x200 load address 0x0000000008001bc4
                0x0000000020000534                . = ALIGN (0x4)
                0x0000000020000534                . = (. + _Min_Heap_Size)
                0x0000000020000734                . = (. + _Min_Stack_Size)
 *fill*         0x0000000020000534      0x200 
                0x0000000020000734                . = ALIGN (0x4)

.memory_b1_text
 *(.mb1text)
 *(.mb1text*)
 *(.mb1rodata)
 *(.mb1rodata*)

/DISCARD/
 libc.a(*)
 libm.a(*)
 libgcc.a(*)
OUTPUT(test.elf elf32-littlearm)
LOAD linker stubs
LOAD /usr/lib/gcc/arm-none-eabi/8.3.1/../../../arm-none-eabi/lib/thumb/v7-m/nofp/libc.a
LOAD /usr/lib/gcc/arm-none-eabi/8.3.1/../../../arm-none-eabi/lib/thumb/v7-m/nofp/libm.a
LOAD /usr/lib/gcc/arm-none-eabi/8.3.1/thumb/v7-m/nofp/libgcc.a

.comment        0x0000000000000000       0x4e
 .comment       0x0000000000000000       0x4e /usr/lib/gcc/arm-none-eabi/8.3.1/thumb/v7-m/nofp/crtbegin.o
                                         0x4f (size before relaxing)
 .comment       0x000000000000004e       0x4f lib/stm32f10x_it.o
 .comment       0x000000000000004e       0x4f lib/system_stm32f10x.o
 .comment       0x000000000000004e       0x4f ware/sys/sys.o
 .comment       0x000000000000004e       0x4f ware/delay/delay.o
 .comment       0x000000000000004e       0x4f ware/usart/usart.o
 .comment       0x000000000000004e       0x4f ware/wwdg/wwdg.o
 .comment       0x000000000000004e       0x4f ware/exti/exti.o
 .comment       0x000000000000004e       0x4f ware/beep/beep.o
 .comment       0x000000000000004e       0x4f ware/led/led.o
 .comment       0x000000000000004e       0x4f ware/key/key.o
 .comment       0x000000000000004e       0x4f main.o
 .comment       0x000000000000004e       0x4f /usr/lib/gcc/arm-none-eabi/8.3.1/../../../arm-none-eabi/lib/thumb/v7-m/nofp/libc.a(lib_a-atexit.o)
 .comment       0x000000000000004e       0x4f /usr/lib/gcc/arm-none-eabi/8.3.1/../../../arm-none-eabi/lib/thumb/v7-m/nofp/libc.a(lib_a-fini.o)
 .comment       0x000000000000004e       0x4f /usr/lib/gcc/arm-none-eabi/8.3.1/../../../arm-none-eabi/lib/thumb/v7-m/nofp/libc.a(lib_a-impure.o)
 .comment       0x000000000000004e       0x4f /usr/lib/gcc/arm-none-eabi/8.3.1/../../../arm-none-eabi/lib/thumb/v7-m/nofp/libc.a(lib_a-init.o)
 .comment       0x000000000000004e       0x4f /usr/lib/gcc/arm-none-eabi/8.3.1/../../../arm-none-eabi/lib/thumb/v7-m/nofp/libc.a(lib_a-__atexit.o)
 .comment       0x000000000000004e       0x4f /usr/lib/gcc/arm-none-eabi/8.3.1/../../../arm-none-eabi/lib/thumb/v7-m/nofp/libc.a(lib_a-__call_atexit.o)
 .comment       0x000000000000004e       0x4f /usr/lib/gcc/arm-none-eabi/8.3.1/thumb/v7-m/nofp/crtend.o

.debug_line     0x0000000000000000     0x1a82
 .debug_line    0x0000000000000000       0x77 lib/startup_stm32f10x_hd.o
 .debug_line    0x0000000000000077       0xd6 lib/stm32f10x_it.o
 .debug_line    0x000000000000014d      0x1fb lib/system_stm32f10x.o
 .debug_line    0x0000000000000348      0x254 ware/sys/sys.o
 .debug_line    0x000000000000059c      0x17e ware/delay/delay.o
 .debug_line    0x000000000000071a      0x1c3 ware/usart/usart.o
 .debug_line    0x00000000000008dd      0x115 ware/wwdg/wwdg.o
 .debug_line    0x00000000000009f2      0x161 ware/exti/exti.o
 .debug_line    0x0000000000000b53       0xd8 ware/beep/beep.o
 .debug_line    0x0000000000000c2b       0xd9 ware/led/led.o
 .debug_line    0x0000000000000d04      0x16e ware/key/key.o
 .debug_line    0x0000000000000e72      0x10a main.o
 .debug_line    0x0000000000000f7c      0x14a /usr/lib/gcc/arm-none-eabi/8.3.1/../../../arm-none-eabi/lib/thumb/v7-m/nofp/libc.a(lib_a-atexit.o)
 .debug_line    0x00000000000010c6       0xd7 /usr/lib/gcc/arm-none-eabi/8.3.1/../../../arm-none-eabi/lib/thumb/v7-m/nofp/libc.a(lib_a-fini.o)
 .debug_line    0x000000000000119d       0xe3 /usr/lib/gcc/arm-none-eabi/8.3.1/../../../arm-none-eabi/lib/thumb/v7-m/nofp/libc.a(lib_a-impure.o)
 .debug_line    0x0000000000001280      0x114 /usr/lib/gcc/arm-none-eabi/8.3.1/../../../arm-none-eabi/lib/thumb/v7-m/nofp/libc.a(lib_a-init.o)
 .debug_line    0x0000000000001394      0x1e7 /usr/lib/gcc/arm-none-eabi/8.3.1/../../../arm-none-eabi/lib/thumb/v7-m/nofp/libc.a(lib_a-__atexit.o)
 .debug_line    0x000000000000157b      0x23d /usr/lib/gcc/arm-none-eabi/8.3.1/../../../arm-none-eabi/lib/thumb/v7-m/nofp/libc.a(lib_a-__call_atexit.o)
 .debug_line    0x00000000000017b8      0x119 /usr/lib/gcc/arm-none-eabi/8.3.1/thumb/v7-m/nofp/libgcc.a(_arm_addsubsf3.o)
 .debug_line    0x00000000000018d1      0x13c /usr/lib/gcc/arm-none-eabi/8.3.1/thumb/v7-m/nofp/libgcc.a(_arm_muldivsf3.o)
 .debug_line    0x0000000000001a0d       0x75 /usr/lib/gcc/arm-none-eabi/8.3.1/thumb/v7-m/nofp/libgcc.a(_arm_fixunssfsi.o)

.debug_info     0x0000000000000000     0x53e0
 .debug_info    0x0000000000000000       0x22 lib/startup_stm32f10x_hd.o
 .debug_info    0x0000000000000022      0x138 lib/stm32f10x_it.o
 .debug_info    0x000000000000015a      0x468 lib/system_stm32f10x.o
 .debug_info    0x00000000000005c2      0x77d ware/sys/sys.o
 .debug_info    0x0000000000000d3f      0x1de ware/delay/delay.o
 .debug_info    0x0000000000000f1d      0xded ware/usart/usart.o
 .debug_info    0x0000000000001d0a      0x3c9 ware/wwdg/wwdg.o
 .debug_info    0x00000000000020d3      0x2f9 ware/exti/exti.o
 .debug_info    0x00000000000023cc      0x1ca ware/beep/beep.o
 .debug_info    0x0000000000002596      0x1ca ware/led/led.o
 .debug_info    0x0000000000002760      0x21e ware/key/key.o
 .debug_info    0x000000000000297e       0xea main.o
 .debug_info    0x0000000000002a68      0x995 /usr/lib/gcc/arm-none-eabi/8.3.1/../../../arm-none-eabi/lib/thumb/v7-m/nofp/libc.a(lib_a-atexit.o)
 .debug_info    0x00000000000033fd      0x102 /usr/lib/gcc/arm-none-eabi/8.3.1/../../../arm-none-eabi/lib/thumb/v7-m/nofp/libc.a(lib_a-fini.o)
 .debug_info    0x00000000000034ff      0x92a /usr/lib/gcc/arm-none-eabi/8.3.1/../../../arm-none-eabi/lib/thumb/v7-m/nofp/libc.a(lib_a-impure.o)
 .debug_info    0x0000000000003e29      0x11a /usr/lib/gcc/arm-none-eabi/8.3.1/../../../arm-none-eabi/lib/thumb/v7-m/nofp/libc.a(lib_a-init.o)
 .debug_info    0x0000000000003f43      0x9d5 /usr/lib/gcc/arm-none-eabi/8.3.1/../../../arm-none-eabi/lib/thumb/v7-m/nofp/libc.a(lib_a-__atexit.o)
 .debug_info    0x0000000000004918      0xa56 /usr/lib/gcc/arm-none-eabi/8.3.1/../../../arm-none-eabi/lib/thumb/v7-m/nofp/libc.a(lib_a-__call_atexit.o)
 .debug_info    0x000000000000536e       0x26 /usr/lib/gcc/arm-none-eabi/8.3.1/thumb/v7-m/nofp/libgcc.a(_arm_addsubsf3.o)
 .debug_info    0x0000000000005394       0x26 /usr/lib/gcc/arm-none-eabi/8.3.1/thumb/v7-m/nofp/libgcc.a(_arm_muldivsf3.o)
 .debug_info    0x00000000000053ba       0x26 /usr/lib/gcc/arm-none-eabi/8.3.1/thumb/v7-m/nofp/libgcc.a(_arm_fixunssfsi.o)

.debug_abbrev   0x0000000000000000     0x183d
 .debug_abbrev  0x0000000000000000       0x12 lib/startup_stm32f10x_hd.o
 .debug_abbrev  0x0000000000000012       0x80 lib/stm32f10x_it.o
 .debug_abbrev  0x0000000000000092      0x1c1 lib/system_stm32f10x.o
 .debug_abbrev  0x0000000000000253      0x1f2 ware/sys/sys.o
 .debug_abbrev  0x0000000000000445      0x125 ware/delay/delay.o
 .debug_abbrev  0x000000000000056a      0x27b ware/usart/usart.o
 .debug_abbrev  0x00000000000007e5      0x161 ware/wwdg/wwdg.o
 .debug_abbrev  0x0000000000000946       0xe7 ware/exti/exti.o
 .debug_abbrev  0x0000000000000a2d       0xc0 ware/beep/beep.o
 .debug_abbrev  0x0000000000000aed       0xc0 ware/led/led.o
 .debug_abbrev  0x0000000000000bad      0x10f ware/key/key.o
 .debug_abbrev  0x0000000000000cbc       0xbc main.o
 .debug_abbrev  0x0000000000000d78      0x232 /usr/lib/gcc/arm-none-eabi/8.3.1/../../../arm-none-eabi/lib/thumb/v7-m/nofp/libc.a(lib_a-atexit.o)
 .debug_abbrev  0x0000000000000faa       0xcf /usr/lib/gcc/arm-none-eabi/8.3.1/../../../arm-none-eabi/lib/thumb/v7-m/nofp/libc.a(lib_a-fini.o)
 .debug_abbrev  0x0000000000001079      0x1b8 /usr/lib/gcc/arm-none-eabi/8.3.1/../../../arm-none-eabi/lib/thumb/v7-m/nofp/libc.a(lib_a-impure.o)
 .debug_abbrev  0x0000000000001231       0xcc /usr/lib/gcc/arm-none-eabi/8.3.1/../../../arm-none-eabi/lib/thumb/v7-m/nofp/libc.a(lib_a-init.o)
 .debug_abbrev  0x00000000000012fd      0x252 /usr/lib/gcc/arm-none-eabi/8.3.1/../../../arm-none-eabi/lib/thumb/v7-m/nofp/libc.a(lib_a-__atexit.o)
 .debug_abbrev  0x000000000000154f      0x2b2 /usr/lib/gcc/arm-none-eabi/8.3.1/../../../arm-none-eabi/lib/thumb/v7-m/nofp/libc.a(lib_a-__call_atexit.o)
 .debug_abbrev  0x0000000000001801       0x14 /usr/lib/gcc/arm-none-eabi/8.3.1/thumb/v7-m/nofp/libgcc.a(_arm_addsubsf3.o)
 .debug_abbrev  0x0000000000001815       0x14 /usr/lib/gcc/arm-none-eabi/8.3.1/thumb/v7-m/nofp/libgcc.a(_arm_muldivsf3.o)
 .debug_abbrev  0x0000000000001829       0x14 /usr/lib/gcc/arm-none-eabi/8.3.1/thumb/v7-m/nofp/libgcc.a(_arm_fixunssfsi.o)

.debug_aranges  0x0000000000000000      0x2a8
 .debug_aranges
                0x0000000000000000       0x28 lib/startup_stm32f10x_hd.o
 .debug_aranges
                0x0000000000000028       0x20 lib/stm32f10x_it.o
 .debug_aranges
                0x0000000000000048       0x20 lib/system_stm32f10x.o
 .debug_aranges
                0x0000000000000068       0x20 ware/sys/sys.o
 .debug_aranges
                0x0000000000000088       0x20 ware/delay/delay.o
 .debug_aranges
                0x00000000000000a8       0x20 ware/usart/usart.o
 .debug_aranges
                0x00000000000000c8       0x20 ware/wwdg/wwdg.o
 .debug_aranges
                0x00000000000000e8       0x20 ware/exti/exti.o
 .debug_aranges
                0x0000000000000108       0x20 ware/beep/beep.o
 .debug_aranges
                0x0000000000000128       0x20 ware/led/led.o
 .debug_aranges
                0x0000000000000148       0x20 ware/key/key.o
 .debug_aranges
                0x0000000000000168       0x20 main.o
 .debug_aranges
                0x0000000000000188       0x20 /usr/lib/gcc/arm-none-eabi/8.3.1/../../../arm-none-eabi/lib/thumb/v7-m/nofp/libc.a(lib_a-atexit.o)
 .debug_aranges
                0x00000000000001a8       0x20 /usr/lib/gcc/arm-none-eabi/8.3.1/../../../arm-none-eabi/lib/thumb/v7-m/nofp/libc.a(lib_a-fini.o)
 .debug_aranges
                0x00000000000001c8       0x18 /usr/lib/gcc/arm-none-eabi/8.3.1/../../../arm-none-eabi/lib/thumb/v7-m/nofp/libc.a(lib_a-impure.o)
 .debug_aranges
                0x00000000000001e0       0x20 /usr/lib/gcc/arm-none-eabi/8.3.1/../../../arm-none-eabi/lib/thumb/v7-m/nofp/libc.a(lib_a-init.o)
 .debug_aranges
                0x0000000000000200       0x20 /usr/lib/gcc/arm-none-eabi/8.3.1/../../../arm-none-eabi/lib/thumb/v7-m/nofp/libc.a(lib_a-__atexit.o)
 .debug_aranges
                0x0000000000000220       0x28 /usr/lib/gcc/arm-none-eabi/8.3.1/../../../arm-none-eabi/lib/thumb/v7-m/nofp/libc.a(lib_a-__call_atexit.o)
 .debug_aranges
                0x0000000000000248       0x20 /usr/lib/gcc/arm-none-eabi/8.3.1/thumb/v7-m/nofp/libgcc.a(_arm_addsubsf3.o)
 .debug_aranges
                0x0000000000000268       0x20 /usr/lib/gcc/arm-none-eabi/8.3.1/thumb/v7-m/nofp/libgcc.a(_arm_muldivsf3.o)
 .debug_aranges
                0x0000000000000288       0x20 /usr/lib/gcc/arm-none-eabi/8.3.1/thumb/v7-m/nofp/libgcc.a(_arm_fixunssfsi.o)

.debug_str      0x0000000000000000     0x1351
 .debug_str     0x0000000000000000       0x43 lib/startup_stm32f10x_hd.o
 .debug_str     0x0000000000000043      0x194 lib/stm32f10x_it.o
                                        0x1e4 (size before relaxing)
 .debug_str     0x00000000000001d7      0x155 lib/system_stm32f10x.o
                                        0x29b (size before relaxing)
 .debug_str     0x000000000000032c      0x1d7 ware/sys/sys.o
                                        0x3d6 (size before relaxing)
 .debug_str     0x0000000000000503       0x62 ware/delay/delay.o
                                        0x1b9 (size before relaxing)
 .debug_str     0x0000000000000565      0x818 ware/usart/usart.o
                                        0xa11 (size before relaxing)
 .debug_str     0x0000000000000d7d       0x55 ware/wwdg/wwdg.o
                                        0x58b (size before relaxing)
 .debug_str     0x0000000000000dd2       0x4e ware/exti/exti.o
                                        0x55a (size before relaxing)
 .debug_str     0x0000000000000e20       0x1a ware/beep/beep.o
                                        0x1b1 (size before relaxing)
 .debug_str     0x0000000000000e3a       0x17 ware/led/led.o
                                        0x1ae (size before relaxing)
 .debug_str     0x0000000000000e51       0x25 ware/key/key.o
                                        0x1c9 (size before relaxing)
 .debug_str     0x0000000000000e76       0x14 main.o
                                        0x15d (size before relaxing)
 .debug_str     0x0000000000000e8a      0x168 /usr/lib/gcc/arm-none-eabi/8.3.1/../../../arm-none-eabi/lib/thumb/v7-m/nofp/libc.a(lib_a-atexit.o)
                                        0x5e3 (size before relaxing)
 .debug_str     0x0000000000000ff2       0xc4 /usr/lib/gcc/arm-none-eabi/8.3.1/../../../arm-none-eabi/lib/thumb/v7-m/nofp/libc.a(lib_a-fini.o)
                                        0x1f2 (size before relaxing)
 .debug_str     0x00000000000010b6       0x97 /usr/lib/gcc/arm-none-eabi/8.3.1/../../../arm-none-eabi/lib/thumb/v7-m/nofp/libc.a(lib_a-impure.o)
                                        0x598 (size before relaxing)
 .debug_str     0x000000000000114d       0x90 /usr/lib/gcc/arm-none-eabi/8.3.1/../../../arm-none-eabi/lib/thumb/v7-m/nofp/libc.a(lib_a-init.o)
                                        0x21c (size before relaxing)
 .debug_str     0x00000000000011dd       0x54 /usr/lib/gcc/arm-none-eabi/8.3.1/../../../arm-none-eabi/lib/thumb/v7-m/nofp/libc.a(lib_a-__atexit.o)
                                        0x601 (size before relaxing)
 .debug_str     0x0000000000001231       0x79 /usr/lib/gcc/arm-none-eabi/8.3.1/../../../arm-none-eabi/lib/thumb/v7-m/nofp/libc.a(lib_a-__call_atexit.o)
                                        0x614 (size before relaxing)
 .debug_str     0x00000000000012aa       0xa7 /usr/lib/gcc/arm-none-eabi/8.3.1/thumb/v7-m/nofp/libgcc.a(_arm_addsubsf3.o)
 .debug_str     0x0000000000001351       0xa7 /usr/lib/gcc/arm-none-eabi/8.3.1/thumb/v7-m/nofp/libgcc.a(_arm_muldivsf3.o)
 .debug_str     0x0000000000001351       0xa7 /usr/lib/gcc/arm-none-eabi/8.3.1/thumb/v7-m/nofp/libgcc.a(_arm_fixunssfsi.o)

.debug_ranges   0x0000000000000000       0x58
 .debug_ranges  0x0000000000000000       0x20 lib/startup_stm32f10x_hd.o
 .debug_ranges  0x0000000000000020       0x38 /usr/lib/gcc/arm-none-eabi/8.3.1/../../../arm-none-eabi/lib/thumb/v7-m/nofp/libc.a(lib_a-__call_atexit.o)

.debug_frame    0x0000000000000000      0x790
 .debug_frame   0x0000000000000000      0x110 lib/stm32f10x_it.o
 .debug_frame   0x0000000000000110       0x98 lib/system_stm32f10x.o
 .debug_frame   0x00000000000001a8      0x158 ware/sys/sys.o
 .debug_frame   0x0000000000000300       0x88 ware/delay/delay.o
 .debug_frame   0x0000000000000388       0x60 ware/usart/usart.o
 .debug_frame   0x00000000000003e8       0x78 ware/wwdg/wwdg.o
 .debug_frame   0x0000000000000460       0x80 ware/exti/exti.o
 .debug_frame   0x00000000000004e0       0x30 ware/beep/beep.o
 .debug_frame   0x0000000000000510       0x30 ware/led/led.o
 .debug_frame   0x0000000000000540       0x54 ware/key/key.o
 .debug_frame   0x0000000000000594       0x4c main.o
 .debug_frame   0x00000000000005e0       0x20 /usr/lib/gcc/arm-none-eabi/8.3.1/../../../arm-none-eabi/lib/thumb/v7-m/nofp/libc.a(lib_a-atexit.o)
 .debug_frame   0x0000000000000600       0x34 /usr/lib/gcc/arm-none-eabi/8.3.1/../../../arm-none-eabi/lib/thumb/v7-m/nofp/libc.a(lib_a-fini.o)
 .debug_frame   0x0000000000000634       0x2c /usr/lib/gcc/arm-none-eabi/8.3.1/../../../arm-none-eabi/lib/thumb/v7-m/nofp/libc.a(lib_a-init.o)
 .debug_frame   0x0000000000000660       0x38 /usr/lib/gcc/arm-none-eabi/8.3.1/../../../arm-none-eabi/lib/thumb/v7-m/nofp/libc.a(lib_a-__atexit.o)
 .debug_frame   0x0000000000000698       0x50 /usr/lib/gcc/arm-none-eabi/8.3.1/../../../arm-none-eabi/lib/thumb/v7-m/nofp/libc.a(lib_a-__call_atexit.o)
 .debug_frame   0x00000000000006e8       0x4c /usr/lib/gcc/arm-none-eabi/8.3.1/thumb/v7-m/nofp/libgcc.a(_arm_addsubsf3.o)
 .debug_frame   0x0000000000000734       0x38 /usr/lib/gcc/arm-none-eabi/8.3.1/thumb/v7-m/nofp/libgcc.a(_arm_muldivsf3.o)
 .debug_frame   0x000000000000076c       0x24 /usr/lib/gcc/arm-none-eabi/8.3.1/thumb/v7-m/nofp/libgcc.a(_arm_fixunssfsi.o)

.debug_loc      0x0000000000000000      0x3d6
 .debug_loc     0x0000000000000000       0x32 /usr/lib/gcc/arm-none-eabi/8.3.1/../../../arm-none-eabi/lib/thumb/v7-m/nofp/libc.a(lib_a-atexit.o)
 .debug_loc     0x0000000000000032       0x68 /usr/lib/gcc/arm-none-eabi/8.3.1/../../../arm-none-eabi/lib/thumb/v7-m/nofp/libc.a(lib_a-fini.o)
 .debug_loc     0x000000000000009a       0xba /usr/lib/gcc/arm-none-eabi/8.3.1/../../../arm-none-eabi/lib/thumb/v7-m/nofp/libc.a(lib_a-init.o)
 .debug_loc     0x0000000000000154      0x138 /usr/lib/gcc/arm-none-eabi/8.3.1/../../../arm-none-eabi/lib/thumb/v7-m/nofp/libc.a(lib_a-__atexit.o)
 .debug_loc     0x000000000000028c      0x14a /usr/lib/gcc/arm-none-eabi/8.3.1/../../../arm-none-eabi/lib/thumb/v7-m/nofp/libc.a(lib_a-__call_atexit.o)

Cross Reference Table

Symbol                                            File
ADC1_2_IRQHandler                                 lib/startup_stm32f10x_hd.o
ADC3_IRQHandler                                   lib/startup_stm32f10x_hd.o
ADC_AnalogWatchdogCmd                             lib/src/stm32f10x_adc.o
ADC_AnalogWatchdogSingleChannelConfig             lib/src/stm32f10x_adc.o
ADC_AnalogWatchdogThresholdsConfig                lib/src/stm32f10x_adc.o
ADC_AutoInjectedConvCmd                           lib/src/stm32f10x_adc.o
ADC_ClearFlag                                     lib/src/stm32f10x_adc.o
ADC_ClearITPendingBit                             lib/src/stm32f10x_adc.o
ADC_Cmd                                           lib/src/stm32f10x_adc.o
ADC_DMACmd                                        lib/src/stm32f10x_adc.o
ADC_DeInit                                        lib/src/stm32f10x_adc.o
ADC_DiscModeChannelCountConfig                    lib/src/stm32f10x_adc.o
ADC_DiscModeCmd                                   lib/src/stm32f10x_adc.o
ADC_ExternalTrigConvCmd                           lib/src/stm32f10x_adc.o
ADC_ExternalTrigInjectedConvCmd                   lib/src/stm32f10x_adc.o
ADC_ExternalTrigInjectedConvConfig                lib/src/stm32f10x_adc.o
ADC_GetCalibrationStatus                          lib/src/stm32f10x_adc.o
ADC_GetConversionValue                            lib/src/stm32f10x_adc.o
ADC_GetDualModeConversionValue                    lib/src/stm32f10x_adc.o
ADC_GetFlagStatus                                 lib/src/stm32f10x_adc.o
ADC_GetITStatus                                   lib/src/stm32f10x_adc.o
ADC_GetInjectedConversionValue                    lib/src/stm32f10x_adc.o
ADC_GetResetCalibrationStatus                     lib/src/stm32f10x_adc.o
ADC_GetSoftwareStartConvStatus                    lib/src/stm32f10x_adc.o
ADC_GetSoftwareStartInjectedConvCmdStatus         lib/src/stm32f10x_adc.o
ADC_ITConfig                                      lib/src/stm32f10x_adc.o
ADC_Init                                          lib/src/stm32f10x_adc.o
ADC_InjectedChannelConfig                         lib/src/stm32f10x_adc.o
ADC_InjectedDiscModeCmd                           lib/src/stm32f10x_adc.o
ADC_InjectedSequencerLengthConfig                 lib/src/stm32f10x_adc.o
ADC_RegularChannelConfig                          lib/src/stm32f10x_adc.o
ADC_ResetCalibration                              lib/src/stm32f10x_adc.o
ADC_SetInjectedOffset                             lib/src/stm32f10x_adc.o
ADC_SoftwareStartConvCmd                          lib/src/stm32f10x_adc.o
ADC_SoftwareStartInjectedConvCmd                  lib/src/stm32f10x_adc.o
ADC_StartCalibration                              lib/src/stm32f10x_adc.o
ADC_StructInit                                    lib/src/stm32f10x_adc.o
ADC_TempSensorVrefintCmd                          lib/src/stm32f10x_adc.o
AHBPrescTable                                     lib/system_stm32f10x.o
BKP_ClearFlag                                     lib/src/stm32f10x_bkp.o
BKP_ClearITPendingBit                             lib/src/stm32f10x_bkp.o
BKP_DeInit                                        lib/src/stm32f10x_bkp.o
BKP_GetFlagStatus                                 lib/src/stm32f10x_bkp.o
BKP_GetITStatus                                   lib/src/stm32f10x_bkp.o
BKP_ITConfig                                      lib/src/stm32f10x_bkp.o
BKP_RTCOutputConfig                               lib/src/stm32f10x_bkp.o
BKP_ReadBackupRegister                            lib/src/stm32f10x_bkp.o
BKP_SetRTCCalibrationValue                        lib/src/stm32f10x_bkp.o
BKP_TamperPinCmd                                  lib/src/stm32f10x_bkp.o
BKP_TamperPinLevelConfig                          lib/src/stm32f10x_bkp.o
BKP_WriteBackupRegister                           lib/src/stm32f10x_bkp.o
BusFault_Handler                                  lib/stm32f10x_it.o
                                                  lib/startup_stm32f10x_hd.o
CAN1_RX1_IRQHandler                               lib/startup_stm32f10x_hd.o
CAN1_SCE_IRQHandler                               lib/startup_stm32f10x_hd.o
CAN_CancelTransmit                                lib/src/stm32f10x_can.o
CAN_ClearFlag                                     lib/src/stm32f10x_can.o
CAN_ClearITPendingBit                             lib/src/stm32f10x_can.o
CAN_DBGFreeze                                     lib/src/stm32f10x_can.o
CAN_DeInit                                        lib/src/stm32f10x_can.o
CAN_FIFORelease                                   lib/src/stm32f10x_can.o
CAN_FilterInit                                    lib/src/stm32f10x_can.o
CAN_GetFlagStatus                                 lib/src/stm32f10x_can.o
CAN_GetITStatus                                   lib/src/stm32f10x_can.o
CAN_GetLSBTransmitErrorCounter                    lib/src/stm32f10x_can.o
CAN_GetLastErrorCode                              lib/src/stm32f10x_can.o
CAN_GetReceiveErrorCounter                        lib/src/stm32f10x_can.o
CAN_ITConfig                                      lib/src/stm32f10x_can.o
CAN_Init                                          lib/src/stm32f10x_can.o
CAN_MessagePending                                lib/src/stm32f10x_can.o
CAN_OperatingModeRequest                          lib/src/stm32f10x_can.o
CAN_Receive                                       lib/src/stm32f10x_can.o
CAN_SlaveStartBank                                lib/src/stm32f10x_can.o
CAN_Sleep                                         lib/src/stm32f10x_can.o
CAN_StructInit                                    lib/src/stm32f10x_can.o
CAN_TTComModeCmd                                  lib/src/stm32f10x_can.o
CAN_Transmit                                      lib/src/stm32f10x_can.o
CAN_TransmitStatus                                lib/src/stm32f10x_can.o
CAN_WakeUp                                        lib/src/stm32f10x_can.o
CEC_ClearFlag                                     lib/src/stm32f10x_cec.o
CEC_ClearITPendingBit                             lib/src/stm32f10x_cec.o
CEC_Cmd                                           lib/src/stm32f10x_cec.o
CEC_DeInit                                        lib/src/stm32f10x_cec.o
CEC_EndOfMessageCmd                               lib/src/stm32f10x_cec.o
CEC_GetFlagStatus                                 lib/src/stm32f10x_cec.o
CEC_GetITStatus                                   lib/src/stm32f10x_cec.o
CEC_ITConfig                                      lib/src/stm32f10x_cec.o
CEC_Init                                          lib/src/stm32f10x_cec.o
CEC_OwnAddressConfig                              lib/src/stm32f10x_cec.o
CEC_ReceiveDataByte                               lib/src/stm32f10x_cec.o
CEC_SendDataByte                                  lib/src/stm32f10x_cec.o
CEC_SetPrescaler                                  lib/src/stm32f10x_cec.o
CEC_StartOfMessage                                lib/src/stm32f10x_cec.o
CRC_CalcBlockCRC                                  lib/src/stm32f10x_crc.o
CRC_CalcCRC                                       lib/src/stm32f10x_crc.o
CRC_GetCRC                                        lib/src/stm32f10x_crc.o
CRC_GetIDRegister                                 lib/src/stm32f10x_crc.o
CRC_ResetDR                                       lib/src/stm32f10x_crc.o
CRC_SetIDRegister                                 lib/src/stm32f10x_crc.o
DAC_Cmd                                           lib/src/stm32f10x_dac.o
DAC_DMACmd                                        lib/src/stm32f10x_dac.o
DAC_DeInit                                        lib/src/stm32f10x_dac.o
DAC_DualSoftwareTriggerCmd                        lib/src/stm32f10x_dac.o
DAC_GetDataOutputValue                            lib/src/stm32f10x_dac.o
DAC_Init                                          lib/src/stm32f10x_dac.o
DAC_SetChannel1Data                               lib/src/stm32f10x_dac.o
DAC_SetChannel2Data                               lib/src/stm32f10x_dac.o
DAC_SetDualChannelData                            lib/src/stm32f10x_dac.o
DAC_SoftwareTriggerCmd                            lib/src/stm32f10x_dac.o
DAC_StructInit                                    lib/src/stm32f10x_dac.o
DAC_WaveGenerationCmd                             lib/src/stm32f10x_dac.o
DBGMCU_Config                                     lib/src/stm32f10x_dbgmcu.o
DBGMCU_GetDEVID                                   lib/src/stm32f10x_dbgmcu.o
DBGMCU_GetREVID                                   lib/src/stm32f10x_dbgmcu.o
DMA1_Channel1_IRQHandler                          lib/startup_stm32f10x_hd.o
DMA1_Channel2_IRQHandler                          lib/startup_stm32f10x_hd.o
DMA1_Channel3_IRQHandler                          lib/startup_stm32f10x_hd.o
DMA1_Channel4_IRQHandler                          lib/startup_stm32f10x_hd.o
DMA1_Channel5_IRQHandler                          lib/startup_stm32f10x_hd.o
DMA1_Channel6_IRQHandler                          lib/startup_stm32f10x_hd.o
DMA1_Channel7_IRQHandler                          lib/startup_stm32f10x_hd.o
DMA2_Channel1_IRQHandler                          lib/startup_stm32f10x_hd.o
DMA2_Channel2_IRQHandler                          lib/startup_stm32f10x_hd.o
DMA2_Channel3_IRQHandler                          lib/startup_stm32f10x_hd.o
DMA2_Channel4_5_IRQHandler                        lib/startup_stm32f10x_hd.o
DMA_ClearFlag                                     lib/src/stm32f10x_dma.o
DMA_ClearITPendingBit                             lib/src/stm32f10x_dma.o
DMA_Cmd                                           lib/src/stm32f10x_dma.o
DMA_DeInit                                        lib/src/stm32f10x_dma.o
DMA_GetCurrDataCounter                            lib/src/stm32f10x_dma.o
DMA_GetFlagStatus                                 lib/src/stm32f10x_dma.o
DMA_GetITStatus                                   lib/src/stm32f10x_dma.o
DMA_ITConfig                                      lib/src/stm32f10x_dma.o
DMA_Init                                          lib/src/stm32f10x_dma.o
DMA_SetCurrDataCounter                            lib/src/stm32f10x_dma.o
DMA_StructInit                                    lib/src/stm32f10x_dma.o
DebugMon_Handler                                  lib/stm32f10x_it.o
                                                  lib/startup_stm32f10x_hd.o
Default_Handler                                   lib/startup_stm32f10x_hd.o
EXTI0_IRQHandler                                  ware/exti/exti.o
                                                  lib/startup_stm32f10x_hd.o
EXTI15_10_IRQHandler                              lib/startup_stm32f10x_hd.o
EXTI1_IRQHandler                                  lib/startup_stm32f10x_hd.o
EXTI2_IRQHandler                                  lib/startup_stm32f10x_hd.o
EXTI3_IRQHandler                                  ware/exti/exti.o
                                                  lib/startup_stm32f10x_hd.o
EXTI4_IRQHandler                                  ware/exti/exti.o
                                                  lib/startup_stm32f10x_hd.o
EXTI9_5_IRQHandler                                lib/startup_stm32f10x_hd.o
EXTI_ClearFlag                                    lib/src/stm32f10x_exti.o
EXTI_ClearITPendingBit                            lib/src/stm32f10x_exti.o
EXTI_DeInit                                       lib/src/stm32f10x_exti.o
EXTI_GenerateSWInterrupt                          lib/src/stm32f10x_exti.o
EXTI_GetFlagStatus                                lib/src/stm32f10x_exti.o
EXTI_GetITStatus                                  lib/src/stm32f10x_exti.o
EXTI_Init                                         lib/src/stm32f10x_exti.o
EXTI_StructInit                                   lib/src/stm32f10x_exti.o
Ex_NVIC_Config                                    ware/sys/sys.o
                                                  ware/exti/exti.o
FLASH_ClearFlag                                   lib/src/stm32f10x_flash.o
FLASH_EnableWriteProtection                       lib/src/stm32f10x_flash.o
FLASH_EraseAllBank1Pages                          lib/src/stm32f10x_flash.o
FLASH_EraseAllPages                               lib/src/stm32f10x_flash.o
FLASH_EraseOptionBytes                            lib/src/stm32f10x_flash.o
FLASH_ErasePage                                   lib/src/stm32f10x_flash.o
FLASH_GetBank1Status                              lib/src/stm32f10x_flash.o
FLASH_GetFlagStatus                               lib/src/stm32f10x_flash.o
FLASH_GetPrefetchBufferStatus                     lib/src/stm32f10x_flash.o
FLASH_GetReadOutProtectionStatus                  lib/src/stm32f10x_flash.o
FLASH_GetStatus                                   lib/src/stm32f10x_flash.o
FLASH_GetUserOptionByte                           lib/src/stm32f10x_flash.o
FLASH_GetWriteProtectionOptionByte                lib/src/stm32f10x_flash.o
FLASH_HalfCycleAccessCmd                          lib/src/stm32f10x_flash.o
FLASH_IRQHandler                                  lib/startup_stm32f10x_hd.o
FLASH_ITConfig                                    lib/src/stm32f10x_flash.o
FLASH_Lock                                        lib/src/stm32f10x_flash.o
FLASH_LockBank1                                   lib/src/stm32f10x_flash.o
FLASH_PrefetchBufferCmd                           lib/src/stm32f10x_flash.o
FLASH_ProgramHalfWord                             lib/src/stm32f10x_flash.o
FLASH_ProgramOptionByteData                       lib/src/stm32f10x_flash.o
FLASH_ProgramWord                                 lib/src/stm32f10x_flash.o
FLASH_ReadOutProtection                           lib/src/stm32f10x_flash.o
FLASH_SetLatency                                  lib/src/stm32f10x_flash.o
FLASH_Unlock                                      lib/src/stm32f10x_flash.o
FLASH_UnlockBank1                                 lib/src/stm32f10x_flash.o
FLASH_UserOptionByteConfig                        lib/src/stm32f10x_flash.o
FLASH_WaitForLastBank1Operation                   lib/src/stm32f10x_flash.o
FLASH_WaitForLastOperation                        lib/src/stm32f10x_flash.o
FSMC_ClearFlag                                    lib/src/stm32f10x_fsmc.o
FSMC_ClearITPendingBit                            lib/src/stm32f10x_fsmc.o
FSMC_GetECC                                       lib/src/stm32f10x_fsmc.o
FSMC_GetFlagStatus                                lib/src/stm32f10x_fsmc.o
FSMC_GetITStatus                                  lib/src/stm32f10x_fsmc.o
FSMC_IRQHandler                                   lib/startup_stm32f10x_hd.o
FSMC_ITConfig                                     lib/src/stm32f10x_fsmc.o
FSMC_NANDCmd                                      lib/src/stm32f10x_fsmc.o
FSMC_NANDDeInit                                   lib/src/stm32f10x_fsmc.o
FSMC_NANDECCCmd                                   lib/src/stm32f10x_fsmc.o
FSMC_NANDInit                                     lib/src/stm32f10x_fsmc.o
FSMC_NANDStructInit                               lib/src/stm32f10x_fsmc.o
FSMC_NORSRAMCmd                                   lib/src/stm32f10x_fsmc.o
FSMC_NORSRAMDeInit                                lib/src/stm32f10x_fsmc.o
FSMC_NORSRAMInit                                  lib/src/stm32f10x_fsmc.o
FSMC_NORSRAMStructInit                            lib/src/stm32f10x_fsmc.o
FSMC_PCCARDCmd                                    lib/src/stm32f10x_fsmc.o
FSMC_PCCARDDeInit                                 lib/src/stm32f10x_fsmc.o
FSMC_PCCARDInit                                   lib/src/stm32f10x_fsmc.o
FSMC_PCCARDStructInit                             lib/src/stm32f10x_fsmc.o
GPIO_AFIODeInit                                   lib/src/stm32f10x_gpio.o
GPIO_DeInit                                       lib/src/stm32f10x_gpio.o
GPIO_ETH_MediaInterfaceConfig                     lib/src/stm32f10x_gpio.o
GPIO_EXTILineConfig                               lib/src/stm32f10x_gpio.o
GPIO_EventOutputCmd                               lib/src/stm32f10x_gpio.o
GPIO_EventOutputConfig                            lib/src/stm32f10x_gpio.o
GPIO_Init                                         lib/src/stm32f10x_gpio.o
GPIO_PinLockConfig                                lib/src/stm32f10x_gpio.o
GPIO_PinRemapConfig                               lib/src/stm32f10x_gpio.o
GPIO_ReadInputData                                lib/src/stm32f10x_gpio.o
GPIO_ReadInputDataBit                             lib/src/stm32f10x_gpio.o
GPIO_ReadOutputData                               lib/src/stm32f10x_gpio.o
GPIO_ReadOutputDataBit                            lib/src/stm32f10x_gpio.o
GPIO_ResetBits                                    lib/src/stm32f10x_gpio.o
GPIO_SetBits                                      lib/src/stm32f10x_gpio.o
GPIO_StructInit                                   lib/src/stm32f10x_gpio.o
GPIO_Write                                        lib/src/stm32f10x_gpio.o
GPIO_WriteBit                                     lib/src/stm32f10x_gpio.o
HardFault_Handler                                 lib/stm32f10x_it.o
                                                  lib/startup_stm32f10x_hd.o
I2C1_ER_IRQHandler                                lib/startup_stm32f10x_hd.o
I2C1_EV_IRQHandler                                lib/startup_stm32f10x_hd.o
I2C2_ER_IRQHandler                                lib/startup_stm32f10x_hd.o
I2C2_EV_IRQHandler                                lib/startup_stm32f10x_hd.o
I2C_ARPCmd                                        lib/src/stm32f10x_i2c.o
I2C_AcknowledgeConfig                             lib/src/stm32f10x_i2c.o
I2C_CalculatePEC                                  lib/src/stm32f10x_i2c.o
I2C_CheckEvent                                    lib/src/stm32f10x_i2c.o
I2C_ClearFlag                                     lib/src/stm32f10x_i2c.o
I2C_ClearITPendingBit                             lib/src/stm32f10x_i2c.o
I2C_Cmd                                           lib/src/stm32f10x_i2c.o
I2C_DMACmd                                        lib/src/stm32f10x_i2c.o
I2C_DMALastTransferCmd                            lib/src/stm32f10x_i2c.o
I2C_DeInit                                        lib/src/stm32f10x_i2c.o
I2C_DualAddressCmd                                lib/src/stm32f10x_i2c.o
I2C_FastModeDutyCycleConfig                       lib/src/stm32f10x_i2c.o
I2C_GeneralCallCmd                                lib/src/stm32f10x_i2c.o
I2C_GenerateSTART                                 lib/src/stm32f10x_i2c.o
I2C_GenerateSTOP                                  lib/src/stm32f10x_i2c.o
I2C_GetFlagStatus                                 lib/src/stm32f10x_i2c.o
I2C_GetITStatus                                   lib/src/stm32f10x_i2c.o
I2C_GetLastEvent                                  lib/src/stm32f10x_i2c.o
I2C_GetPEC                                        lib/src/stm32f10x_i2c.o
I2C_ITConfig                                      lib/src/stm32f10x_i2c.o
I2C_Init                                          lib/src/stm32f10x_i2c.o
I2C_NACKPositionConfig                            lib/src/stm32f10x_i2c.o
I2C_OwnAddress2Config                             lib/src/stm32f10x_i2c.o
I2C_PECPositionConfig                             lib/src/stm32f10x_i2c.o
I2C_ReadRegister                                  lib/src/stm32f10x_i2c.o
I2C_ReceiveData                                   lib/src/stm32f10x_i2c.o
I2C_SMBusAlertConfig                              lib/src/stm32f10x_i2c.o
I2C_Send7bitAddress                               lib/src/stm32f10x_i2c.o
I2C_SendData                                      lib/src/stm32f10x_i2c.o
I2C_SoftwareResetCmd                              lib/src/stm32f10x_i2c.o
I2C_StretchClockCmd                               lib/src/stm32f10x_i2c.o
I2C_StructInit                                    lib/src/stm32f10x_i2c.o
I2C_TransmitPEC                                   lib/src/stm32f10x_i2c.o
I2S_Cmd                                           lib/src/stm32f10x_spi.o
I2S_Init                                          lib/src/stm32f10x_spi.o
I2S_StructInit                                    lib/src/stm32f10x_spi.o
IWDG_Enable                                       lib/src/stm32f10x_iwdg.o
IWDG_GetFlagStatus                                lib/src/stm32f10x_iwdg.o
IWDG_ReloadCounter                                lib/src/stm32f10x_iwdg.o
IWDG_SetPrescaler                                 lib/src/stm32f10x_iwdg.o
IWDG_SetReload                                    lib/src/stm32f10x_iwdg.o
IWDG_WriteAccessCmd                               lib/src/stm32f10x_iwdg.o
JTAG_Set                                          ware/sys/sys.o
MYRCC_DeInit                                      ware/sys/sys.o
MY_NVIC_Init                                      ware/sys/sys.o
                                                  ware/exti/exti.o
                                                  ware/wwdg/wwdg.o
                                                  ware/usart/usart.o
MY_NVIC_PriorityGroupConfig                       ware/sys/sys.o
MY_NVIC_SetVectorTable                            ware/sys/sys.o
MemManage_Handler                                 lib/stm32f10x_it.o
                                                  lib/startup_stm32f10x_hd.o
NMI_Handler                                       lib/stm32f10x_it.o
                                                  lib/startup_stm32f10x_hd.o
NVIC_Init                                         lib/src/misc.o
NVIC_PriorityGroupConfig                          lib/src/misc.o
NVIC_SetVectorTable                               lib/src/misc.o
NVIC_SystemLPConfig                               lib/src/misc.o
PVD_IRQHandler                                    lib/startup_stm32f10x_hd.o
PWR_BackupAccessCmd                               lib/src/stm32f10x_pwr.o
PWR_ClearFlag                                     lib/src/stm32f10x_pwr.o
PWR_DeInit                                        lib/src/stm32f10x_pwr.o
PWR_EnterSTANDBYMode                              lib/src/stm32f10x_pwr.o
PWR_EnterSTOPMode                                 lib/src/stm32f10x_pwr.o
PWR_GetFlagStatus                                 lib/src/stm32f10x_pwr.o
PWR_PVDCmd                                        lib/src/stm32f10x_pwr.o
PWR_PVDLevelConfig                                lib/src/stm32f10x_pwr.o
PWR_WakeUpPinCmd                                  lib/src/stm32f10x_pwr.o
PendSV_Handler                                    lib/stm32f10x_it.o
                                                  lib/startup_stm32f10x_hd.o
RCC_ADCCLKConfig                                  lib/src/stm32f10x_rcc.o
RCC_AHBPeriphClockCmd                             lib/src/stm32f10x_rcc.o
RCC_APB1PeriphClockCmd                            lib/src/stm32f10x_rcc.o
RCC_APB1PeriphResetCmd                            lib/src/stm32f10x_rcc.o
                                                  lib/src/stm32f10x_dac.o
                                                  lib/src/stm32f10x_usart.o
                                                  lib/src/stm32f10x_pwr.o
                                                  lib/src/stm32f10x_can.o
                                                  lib/src/stm32f10x_wwdg.o
                                                  lib/src/stm32f10x_spi.o
                                                  lib/src/stm32f10x_tim.o
                                                  lib/src/stm32f10x_i2c.o
                                                  lib/src/stm32f10x_cec.o
RCC_APB2PeriphClockCmd                            lib/src/stm32f10x_rcc.o
RCC_APB2PeriphResetCmd                            lib/src/stm32f10x_rcc.o
                                                  lib/src/stm32f10x_usart.o
                                                  lib/src/stm32f10x_gpio.o
                                                  lib/src/stm32f10x_spi.o
                                                  lib/src/stm32f10x_tim.o
                                                  lib/src/stm32f10x_adc.o
RCC_AdjustHSICalibrationValue                     lib/src/stm32f10x_rcc.o
RCC_BackupResetCmd                                lib/src/stm32f10x_rcc.o
                                                  lib/src/stm32f10x_bkp.o
RCC_ClearFlag                                     lib/src/stm32f10x_rcc.o
RCC_ClearITPendingBit                             lib/src/stm32f10x_rcc.o
RCC_ClockSecuritySystemCmd                        lib/src/stm32f10x_rcc.o
RCC_DeInit                                        lib/src/stm32f10x_rcc.o
RCC_GetClocksFreq                                 lib/src/stm32f10x_rcc.o
                                                  lib/src/stm32f10x_usart.o
                                                  lib/src/stm32f10x_spi.o
                                                  lib/src/stm32f10x_i2c.o
RCC_GetFlagStatus                                 lib/src/stm32f10x_rcc.o
RCC_GetITStatus                                   lib/src/stm32f10x_rcc.o
RCC_GetSYSCLKSource                               lib/src/stm32f10x_rcc.o
RCC_HCLKConfig                                    lib/src/stm32f10x_rcc.o
RCC_HSEConfig                                     lib/src/stm32f10x_rcc.o
RCC_HSICmd                                        lib/src/stm32f10x_rcc.o
RCC_IRQHandler                                    lib/startup_stm32f10x_hd.o
RCC_ITConfig                                      lib/src/stm32f10x_rcc.o
RCC_LSEConfig                                     lib/src/stm32f10x_rcc.o
RCC_LSICmd                                        lib/src/stm32f10x_rcc.o
RCC_MCOConfig                                     lib/src/stm32f10x_rcc.o
RCC_PCLK1Config                                   lib/src/stm32f10x_rcc.o
RCC_PCLK2Config                                   lib/src/stm32f10x_rcc.o
RCC_PLLCmd                                        lib/src/stm32f10x_rcc.o
RCC_PLLConfig                                     lib/src/stm32f10x_rcc.o
RCC_RTCCLKCmd                                     lib/src/stm32f10x_rcc.o
RCC_RTCCLKConfig                                  lib/src/stm32f10x_rcc.o
RCC_SYSCLKConfig                                  lib/src/stm32f10x_rcc.o
RCC_USBCLKConfig                                  lib/src/stm32f10x_rcc.o
RCC_WaitForHSEStartUp                             lib/src/stm32f10x_rcc.o
RTCAlarm_IRQHandler                               lib/startup_stm32f10x_hd.o
RTC_ClearFlag                                     lib/src/stm32f10x_rtc.o
RTC_ClearITPendingBit                             lib/src/stm32f10x_rtc.o
RTC_EnterConfigMode                               lib/src/stm32f10x_rtc.o
RTC_ExitConfigMode                                lib/src/stm32f10x_rtc.o
RTC_GetCounter                                    lib/src/stm32f10x_rtc.o
RTC_GetDivider                                    lib/src/stm32f10x_rtc.o
RTC_GetFlagStatus                                 lib/src/stm32f10x_rtc.o
RTC_GetITStatus                                   lib/src/stm32f10x_rtc.o
RTC_IRQHandler                                    lib/startup_stm32f10x_hd.o
RTC_ITConfig                                      lib/src/stm32f10x_rtc.o
RTC_SetAlarm                                      lib/src/stm32f10x_rtc.o
RTC_SetCounter                                    lib/src/stm32f10x_rtc.o
RTC_SetPrescaler                                  lib/src/stm32f10x_rtc.o
RTC_WaitForLastTask                               lib/src/stm32f10x_rtc.o
RTC_WaitForSynchro                                lib/src/stm32f10x_rtc.o
Reset_Handler                                     lib/startup_stm32f10x_hd.o
SDIO_CEATAITCmd                                   lib/src/stm32f10x_sdio.o
SDIO_ClearFlag                                    lib/src/stm32f10x_sdio.o
SDIO_ClearITPendingBit                            lib/src/stm32f10x_sdio.o
SDIO_ClockCmd                                     lib/src/stm32f10x_sdio.o
SDIO_CmdStructInit                                lib/src/stm32f10x_sdio.o
SDIO_CommandCompletionCmd                         lib/src/stm32f10x_sdio.o
SDIO_DMACmd                                       lib/src/stm32f10x_sdio.o
SDIO_DataConfig                                   lib/src/stm32f10x_sdio.o
SDIO_DataStructInit                               lib/src/stm32f10x_sdio.o
SDIO_DeInit                                       lib/src/stm32f10x_sdio.o
SDIO_GetCommandResponse                           lib/src/stm32f10x_sdio.o
SDIO_GetDataCounter                               lib/src/stm32f10x_sdio.o
SDIO_GetFIFOCount                                 lib/src/stm32f10x_sdio.o
SDIO_GetFlagStatus                                lib/src/stm32f10x_sdio.o
SDIO_GetITStatus                                  lib/src/stm32f10x_sdio.o
SDIO_GetPowerState                                lib/src/stm32f10x_sdio.o
SDIO_GetResponse                                  lib/src/stm32f10x_sdio.o
SDIO_IRQHandler                                   lib/startup_stm32f10x_hd.o
SDIO_ITConfig                                     lib/src/stm32f10x_sdio.o
SDIO_Init                                         lib/src/stm32f10x_sdio.o
SDIO_ReadData                                     lib/src/stm32f10x_sdio.o
SDIO_SendCEATACmd                                 lib/src/stm32f10x_sdio.o
SDIO_SendCommand                                  lib/src/stm32f10x_sdio.o
SDIO_SendSDIOSuspendCmd                           lib/src/stm32f10x_sdio.o
SDIO_SetPowerState                                lib/src/stm32f10x_sdio.o
SDIO_SetSDIOOperation                             lib/src/stm32f10x_sdio.o
SDIO_SetSDIOReadWaitMode                          lib/src/stm32f10x_sdio.o
SDIO_StartSDIOReadWait                            lib/src/stm32f10x_sdio.o
SDIO_StopSDIOReadWait                             lib/src/stm32f10x_sdio.o
SDIO_StructInit                                   lib/src/stm32f10x_sdio.o
SDIO_WriteData                                    lib/src/stm32f10x_sdio.o
SPI1_IRQHandler                                   lib/startup_stm32f10x_hd.o
SPI2_IRQHandler                                   lib/startup_stm32f10x_hd.o
SPI3_IRQHandler                                   lib/startup_stm32f10x_hd.o
SPI_BiDirectionalLineConfig                       lib/src/stm32f10x_spi.o
SPI_CalculateCRC                                  lib/src/stm32f10x_spi.o
SPI_Cmd                                           lib/src/stm32f10x_spi.o
SPI_DataSizeConfig                                lib/src/stm32f10x_spi.o
SPI_GetCRC                                        lib/src/stm32f10x_spi.o
SPI_GetCRCPolynomial                              lib/src/stm32f10x_spi.o
SPI_I2S_ClearFlag                                 lib/src/stm32f10x_spi.o
SPI_I2S_ClearITPendingBit                         lib/src/stm32f10x_spi.o
SPI_I2S_DMACmd                                    lib/src/stm32f10x_spi.o
SPI_I2S_DeInit                                    lib/src/stm32f10x_spi.o
SPI_I2S_GetFlagStatus                             lib/src/stm32f10x_spi.o
SPI_I2S_GetITStatus                               lib/src/stm32f10x_spi.o
SPI_I2S_ITConfig                                  lib/src/stm32f10x_spi.o
SPI_I2S_ReceiveData                               lib/src/stm32f10x_spi.o
SPI_I2S_SendData                                  lib/src/stm32f10x_spi.o
SPI_Init                                          lib/src/stm32f10x_spi.o
SPI_NSSInternalSoftwareConfig                     lib/src/stm32f10x_spi.o
SPI_SSOutputCmd                                   lib/src/stm32f10x_spi.o
SPI_StructInit                                    lib/src/stm32f10x_spi.o
SPI_TransmitCRC                                   lib/src/stm32f10x_spi.o
SVC_Handler                                       lib/stm32f10x_it.o
                                                  lib/startup_stm32f10x_hd.o
Stm32_Clock_Init                                  ware/sys/sys.o
                                                  main.o
SysTick_CLKSourceConfig                           lib/src/misc.o
SysTick_Handler                                   lib/stm32f10x_it.o
                                                  lib/startup_stm32f10x_hd.o
Sys_Soft_Reset                                    ware/sys/sys.o
Sys_Standby                                       ware/sys/sys.o
SystemCoreClock                                   lib/system_stm32f10x.o
SystemCoreClockUpdate                             lib/system_stm32f10x.o
SystemInit                                        lib/system_stm32f10x.o
                                                  lib/startup_stm32f10x_hd.o
TAMPER_IRQHandler                                 lib/startup_stm32f10x_hd.o
TIM1_BRK_IRQHandler                               lib/startup_stm32f10x_hd.o
TIM1_CC_IRQHandler                                lib/startup_stm32f10x_hd.o
TIM1_TRG_COM_IRQHandler                           lib/startup_stm32f10x_hd.o
TIM1_UP_IRQHandler                                lib/startup_stm32f10x_hd.o
TIM2_IRQHandler                                   lib/startup_stm32f10x_hd.o
TIM3_IRQHandler                                   lib/startup_stm32f10x_hd.o
TIM4_IRQHandler                                   lib/startup_stm32f10x_hd.o
TIM5_IRQHandler                                   lib/startup_stm32f10x_hd.o
TIM6_IRQHandler                                   lib/startup_stm32f10x_hd.o
TIM7_IRQHandler                                   lib/startup_stm32f10x_hd.o
TIM8_BRK_IRQHandler                               lib/startup_stm32f10x_hd.o
TIM8_CC_IRQHandler                                lib/startup_stm32f10x_hd.o
TIM8_TRG_COM_IRQHandler                           lib/startup_stm32f10x_hd.o
TIM8_UP_IRQHandler                                lib/startup_stm32f10x_hd.o
TIM_ARRPreloadConfig                              lib/src/stm32f10x_tim.o
TIM_BDTRConfig                                    lib/src/stm32f10x_tim.o
TIM_BDTRStructInit                                lib/src/stm32f10x_tim.o
TIM_CCPreloadControl                              lib/src/stm32f10x_tim.o
TIM_CCxCmd                                        lib/src/stm32f10x_tim.o
TIM_CCxNCmd                                       lib/src/stm32f10x_tim.o
TIM_ClearFlag                                     lib/src/stm32f10x_tim.o
TIM_ClearITPendingBit                             lib/src/stm32f10x_tim.o
TIM_ClearOC1Ref                                   lib/src/stm32f10x_tim.o
TIM_ClearOC2Ref                                   lib/src/stm32f10x_tim.o
TIM_ClearOC3Ref                                   lib/src/stm32f10x_tim.o
TIM_ClearOC4Ref                                   lib/src/stm32f10x_tim.o
TIM_Cmd                                           lib/src/stm32f10x_tim.o
TIM_CounterModeConfig                             lib/src/stm32f10x_tim.o
TIM_CtrlPWMOutputs                                lib/src/stm32f10x_tim.o
TIM_DMACmd                                        lib/src/stm32f10x_tim.o
TIM_DMAConfig                                     lib/src/stm32f10x_tim.o
TIM_DeInit                                        lib/src/stm32f10x_tim.o
TIM_ETRClockMode1Config                           lib/src/stm32f10x_tim.o
TIM_ETRClockMode2Config                           lib/src/stm32f10x_tim.o
TIM_ETRConfig                                     lib/src/stm32f10x_tim.o
TIM_EncoderInterfaceConfig                        lib/src/stm32f10x_tim.o
TIM_ForcedOC1Config                               lib/src/stm32f10x_tim.o
TIM_ForcedOC2Config                               lib/src/stm32f10x_tim.o
TIM_ForcedOC3Config                               lib/src/stm32f10x_tim.o
TIM_ForcedOC4Config                               lib/src/stm32f10x_tim.o
TIM_GenerateEvent                                 lib/src/stm32f10x_tim.o
TIM_GetCapture1                                   lib/src/stm32f10x_tim.o
TIM_GetCapture2                                   lib/src/stm32f10x_tim.o
TIM_GetCapture3                                   lib/src/stm32f10x_tim.o
TIM_GetCapture4                                   lib/src/stm32f10x_tim.o
TIM_GetCounter                                    lib/src/stm32f10x_tim.o
TIM_GetFlagStatus                                 lib/src/stm32f10x_tim.o
TIM_GetITStatus                                   lib/src/stm32f10x_tim.o
TIM_GetPrescaler                                  lib/src/stm32f10x_tim.o
TIM_ICInit                                        lib/src/stm32f10x_tim.o
TIM_ICStructInit                                  lib/src/stm32f10x_tim.o
TIM_ITConfig                                      lib/src/stm32f10x_tim.o
TIM_ITRxExternalClockConfig                       lib/src/stm32f10x_tim.o
TIM_InternalClockConfig                           lib/src/stm32f10x_tim.o
TIM_OC1FastConfig                                 lib/src/stm32f10x_tim.o
TIM_OC1Init                                       lib/src/stm32f10x_tim.o
TIM_OC1NPolarityConfig                            lib/src/stm32f10x_tim.o
TIM_OC1PolarityConfig                             lib/src/stm32f10x_tim.o
TIM_OC1PreloadConfig                              lib/src/stm32f10x_tim.o
TIM_OC2FastConfig                                 lib/src/stm32f10x_tim.o
TIM_OC2Init                                       lib/src/stm32f10x_tim.o
TIM_OC2NPolarityConfig                            lib/src/stm32f10x_tim.o
TIM_OC2PolarityConfig                             lib/src/stm32f10x_tim.o
TIM_OC2PreloadConfig                              lib/src/stm32f10x_tim.o
TIM_OC3FastConfig                                 lib/src/stm32f10x_tim.o
TIM_OC3Init                                       lib/src/stm32f10x_tim.o
TIM_OC3NPolarityConfig                            lib/src/stm32f10x_tim.o
TIM_OC3PolarityConfig                             lib/src/stm32f10x_tim.o
TIM_OC3PreloadConfig                              lib/src/stm32f10x_tim.o
TIM_OC4FastConfig                                 lib/src/stm32f10x_tim.o
TIM_OC4Init                                       lib/src/stm32f10x_tim.o
TIM_OC4PolarityConfig                             lib/src/stm32f10x_tim.o
TIM_OC4PreloadConfig                              lib/src/stm32f10x_tim.o
TIM_OCStructInit                                  lib/src/stm32f10x_tim.o
TIM_PWMIConfig                                    lib/src/stm32f10x_tim.o
TIM_PrescalerConfig                               lib/src/stm32f10x_tim.o
TIM_SelectCCDMA                                   lib/src/stm32f10x_tim.o
TIM_SelectCOM                                     lib/src/stm32f10x_tim.o
TIM_SelectHallSensor                              lib/src/stm32f10x_tim.o
TIM_SelectInputTrigger                            lib/src/stm32f10x_tim.o
TIM_SelectMasterSlaveMode                         lib/src/stm32f10x_tim.o
TIM_SelectOCxM                                    lib/src/stm32f10x_tim.o
TIM_SelectOnePulseMode                            lib/src/stm32f10x_tim.o
TIM_SelectOutputTrigger                           lib/src/stm32f10x_tim.o
TIM_SelectSlaveMode                               lib/src/stm32f10x_tim.o
TIM_SetAutoreload                                 lib/src/stm32f10x_tim.o
TIM_SetClockDivision                              lib/src/stm32f10x_tim.o
TIM_SetCompare1                                   lib/src/stm32f10x_tim.o
TIM_SetCompare2                                   lib/src/stm32f10x_tim.o
TIM_SetCompare3                                   lib/src/stm32f10x_tim.o
TIM_SetCompare4                                   lib/src/stm32f10x_tim.o
TIM_SetCounter                                    lib/src/stm32f10x_tim.o
TIM_SetIC1Prescaler                               lib/src/stm32f10x_tim.o
TIM_SetIC2Prescaler                               lib/src/stm32f10x_tim.o
TIM_SetIC3Prescaler                               lib/src/stm32f10x_tim.o
TIM_SetIC4Prescaler                               lib/src/stm32f10x_tim.o
TIM_TIxExternalClockConfig                        lib/src/stm32f10x_tim.o
TIM_TimeBaseInit                                  lib/src/stm32f10x_tim.o
TIM_TimeBaseStructInit                            lib/src/stm32f10x_tim.o
TIM_UpdateDisableConfig                           lib/src/stm32f10x_tim.o
TIM_UpdateRequestConfig                           lib/src/stm32f10x_tim.o
UART4_IRQHandler                                  lib/startup_stm32f10x_hd.o
UART5_IRQHandler                                  lib/startup_stm32f10x_hd.o
USART1_IRQHandler                                 ware/usart/usart.o
                                                  lib/startup_stm32f10x_hd.o
USART2_IRQHandler                                 lib/startup_stm32f10x_hd.o
USART3_IRQHandler                                 lib/startup_stm32f10x_hd.o
USART_ClearFlag                                   lib/src/stm32f10x_usart.o
USART_ClearITPendingBit                           lib/src/stm32f10x_usart.o
USART_ClockInit                                   lib/src/stm32f10x_usart.o
USART_ClockStructInit                             lib/src/stm32f10x_usart.o
USART_Cmd                                         lib/src/stm32f10x_usart.o
USART_DMACmd                                      lib/src/stm32f10x_usart.o
USART_DeInit                                      lib/src/stm32f10x_usart.o
USART_GetFlagStatus                               lib/src/stm32f10x_usart.o
USART_GetITStatus                                 lib/src/stm32f10x_usart.o
USART_HalfDuplexCmd                               lib/src/stm32f10x_usart.o
USART_ITConfig                                    lib/src/stm32f10x_usart.o
USART_Init                                        lib/src/stm32f10x_usart.o
USART_IrDACmd                                     lib/src/stm32f10x_usart.o
USART_IrDAConfig                                  lib/src/stm32f10x_usart.o
USART_LINBreakDetectLengthConfig                  lib/src/stm32f10x_usart.o
USART_LINCmd                                      lib/src/stm32f10x_usart.o
USART_OneBitMethodCmd                             lib/src/stm32f10x_usart.o
USART_OverSampling8Cmd                            lib/src/stm32f10x_usart.o
USART_RX_BUF                                      ware/usart/usart.o
USART_RX_STA                                      ware/usart/usart.o
USART_ReceiveData                                 lib/src/stm32f10x_usart.o
USART_ReceiverWakeUpCmd                           lib/src/stm32f10x_usart.o
USART_SendBreak                                   lib/src/stm32f10x_usart.o
USART_SendData                                    lib/src/stm32f10x_usart.o
USART_SetAddress                                  lib/src/stm32f10x_usart.o
USART_SetGuardTime                                lib/src/stm32f10x_usart.o
USART_SetPrescaler                                lib/src/stm32f10x_usart.o
USART_SmartCardCmd                                lib/src/stm32f10x_usart.o
USART_SmartCardNACKCmd                            lib/src/stm32f10x_usart.o
USART_StructInit                                  lib/src/stm32f10x_usart.o
USART_WakeUpConfig                                lib/src/stm32f10x_usart.o
USBWakeUp_IRQHandler                              lib/startup_stm32f10x_hd.o
USB_HP_CAN1_TX_IRQHandler                         lib/startup_stm32f10x_hd.o
USB_LP_CAN1_RX0_IRQHandler                        lib/startup_stm32f10x_hd.o
UsageFault_Handler                                lib/stm32f10x_it.o
                                                  lib/startup_stm32f10x_hd.o
WWDG_CNT                                          ware/wwdg/wwdg.o
WWDG_ClearFlag                                    lib/src/stm32f10x_wwdg.o
WWDG_DeInit                                       lib/src/stm32f10x_wwdg.o
WWDG_Enable                                       lib/src/stm32f10x_wwdg.o
WWDG_EnableIT                                     lib/src/stm32f10x_wwdg.o
WWDG_GetFlagStatus                                lib/src/stm32f10x_wwdg.o
WWDG_IRQHandler                                   ware/wwdg/wwdg.o
                                                  lib/startup_stm32f10x_hd.o
WWDG_SetCounter                                   lib/src/stm32f10x_wwdg.o
WWDG_SetPrescaler                                 lib/src/stm32f10x_wwdg.o
WWDG_SetWindowValue                               lib/src/stm32f10x_wwdg.o
_ITM_deregisterTMCloneTable                       /usr/lib/gcc/arm-none-eabi/8.3.1/thumb/v7-m/nofp/crtbegin.o
_ITM_registerTMCloneTable                         /usr/lib/gcc/arm-none-eabi/8.3.1/thumb/v7-m/nofp/crtbegin.o
__TMC_END__                                       /usr/lib/gcc/arm-none-eabi/8.3.1/thumb/v7-m/nofp/crtend.o
                                                  /usr/lib/gcc/arm-none-eabi/8.3.1/thumb/v7-m/nofp/crtbegin.o
__addsf3                                          /usr/lib/gcc/arm-none-eabi/8.3.1/thumb/v7-m/nofp/libgcc.a(_arm_addsubsf3.o)
__aeabi_f2uiz                                     /usr/lib/gcc/arm-none-eabi/8.3.1/thumb/v7-m/nofp/libgcc.a(_arm_fixunssfsi.o)
                                                  ware/usart/usart.o
__aeabi_fadd                                      /usr/lib/gcc/arm-none-eabi/8.3.1/thumb/v7-m/nofp/libgcc.a(_arm_addsubsf3.o)
__aeabi_fdiv                                      /usr/lib/gcc/arm-none-eabi/8.3.1/thumb/v7-m/nofp/libgcc.a(_arm_muldivsf3.o)
                                                  ware/usart/usart.o
__aeabi_fmul                                      /usr/lib/gcc/arm-none-eabi/8.3.1/thumb/v7-m/nofp/libgcc.a(_arm_muldivsf3.o)
                                                  ware/usart/usart.o
__aeabi_frsub                                     /usr/lib/gcc/arm-none-eabi/8.3.1/thumb/v7-m/nofp/libgcc.a(_arm_addsubsf3.o)
__aeabi_fsub                                      /usr/lib/gcc/arm-none-eabi/8.3.1/thumb/v7-m/nofp/libgcc.a(_arm_addsubsf3.o)
                                                  ware/usart/usart.o
__aeabi_i2f                                       /usr/lib/gcc/arm-none-eabi/8.3.1/thumb/v7-m/nofp/libgcc.a(_arm_addsubsf3.o)
                                                  ware/usart/usart.o
__aeabi_l2f                                       /usr/lib/gcc/arm-none-eabi/8.3.1/thumb/v7-m/nofp/libgcc.a(_arm_addsubsf3.o)
__aeabi_ui2f                                      /usr/lib/gcc/arm-none-eabi/8.3.1/thumb/v7-m/nofp/libgcc.a(_arm_addsubsf3.o)
                                                  ware/usart/usart.o
__aeabi_ul2f                                      /usr/lib/gcc/arm-none-eabi/8.3.1/thumb/v7-m/nofp/libgcc.a(_arm_addsubsf3.o)
__bss_end__                                       /usr/lib/gcc/arm-none-eabi/8.3.1/../../../arm-none-eabi/lib/thumb/v7-m/nofp/crt0.o
__bss_start__                                     /usr/lib/gcc/arm-none-eabi/8.3.1/../../../arm-none-eabi/lib/thumb/v7-m/nofp/crt0.o
__call_exitprocs                                  /usr/lib/gcc/arm-none-eabi/8.3.1/../../../arm-none-eabi/lib/thumb/v7-m/nofp/libc.a(lib_a-__call_atexit.o)
                                                  /usr/lib/gcc/arm-none-eabi/8.3.1/../../../arm-none-eabi/lib/thumb/v7-m/nofp/libc.a(lib_a-exit.o)
__deregister_frame_info                           /usr/lib/gcc/arm-none-eabi/8.3.1/thumb/v7-m/nofp/crtbegin.o
__divsf3                                          /usr/lib/gcc/arm-none-eabi/8.3.1/thumb/v7-m/nofp/libgcc.a(_arm_muldivsf3.o)
__dso_handle                                      /usr/lib/gcc/arm-none-eabi/8.3.1/thumb/v7-m/nofp/crtbegin.o
__fini_array_end                                  /usr/lib/gcc/arm-none-eabi/8.3.1/../../../arm-none-eabi/lib/thumb/v7-m/nofp/libc.a(lib_a-fini.o)
__fini_array_start                                /usr/lib/gcc/arm-none-eabi/8.3.1/../../../arm-none-eabi/lib/thumb/v7-m/nofp/libc.a(lib_a-fini.o)
__fixunssfsi                                      /usr/lib/gcc/arm-none-eabi/8.3.1/thumb/v7-m/nofp/libgcc.a(_arm_fixunssfsi.o)
__floatdisf                                       /usr/lib/gcc/arm-none-eabi/8.3.1/thumb/v7-m/nofp/libgcc.a(_arm_addsubsf3.o)
__floatsisf                                       /usr/lib/gcc/arm-none-eabi/8.3.1/thumb/v7-m/nofp/libgcc.a(_arm_addsubsf3.o)
__floatundisf                                     /usr/lib/gcc/arm-none-eabi/8.3.1/thumb/v7-m/nofp/libgcc.a(_arm_addsubsf3.o)
__floatunsisf                                     /usr/lib/gcc/arm-none-eabi/8.3.1/thumb/v7-m/nofp/libgcc.a(_arm_addsubsf3.o)
__init_array_end                                  /usr/lib/gcc/arm-none-eabi/8.3.1/../../../arm-none-eabi/lib/thumb/v7-m/nofp/libc.a(lib_a-init.o)
__init_array_start                                /usr/lib/gcc/arm-none-eabi/8.3.1/../../../arm-none-eabi/lib/thumb/v7-m/nofp/libc.a(lib_a-init.o)
__libc_fini                                       /usr/lib/gcc/arm-none-eabi/8.3.1/../../../arm-none-eabi/lib/thumb/v7-m/nofp/libc.a(lib_a-__call_atexit.o)
__libc_fini_array                                 /usr/lib/gcc/arm-none-eabi/8.3.1/../../../arm-none-eabi/lib/thumb/v7-m/nofp/libc.a(lib_a-fini.o)
                                                  /usr/lib/gcc/arm-none-eabi/8.3.1/../../../arm-none-eabi/lib/thumb/v7-m/nofp/libc.a(lib_a-__call_atexit.o)
                                                  /usr/lib/gcc/arm-none-eabi/8.3.1/../../../arm-none-eabi/lib/thumb/v7-m/nofp/crt0.o
__libc_init_array                                 /usr/lib/gcc/arm-none-eabi/8.3.1/../../../arm-none-eabi/lib/thumb/v7-m/nofp/libc.a(lib_a-init.o)
                                                  lib/startup_stm32f10x_hd.o
                                                  /usr/lib/gcc/arm-none-eabi/8.3.1/../../../arm-none-eabi/lib/thumb/v7-m/nofp/crt0.o
__mulsf3                                          /usr/lib/gcc/arm-none-eabi/8.3.1/thumb/v7-m/nofp/libgcc.a(_arm_muldivsf3.o)
__preinit_array_end                               /usr/lib/gcc/arm-none-eabi/8.3.1/../../../arm-none-eabi/lib/thumb/v7-m/nofp/libc.a(lib_a-init.o)
__preinit_array_start                             /usr/lib/gcc/arm-none-eabi/8.3.1/../../../arm-none-eabi/lib/thumb/v7-m/nofp/libc.a(lib_a-init.o)
__register_exitproc                               /usr/lib/gcc/arm-none-eabi/8.3.1/../../../arm-none-eabi/lib/thumb/v7-m/nofp/libc.a(lib_a-__atexit.o)
                                                  /usr/lib/gcc/arm-none-eabi/8.3.1/../../../arm-none-eabi/lib/thumb/v7-m/nofp/libc.a(lib_a-atexit.o)
__register_frame_info                             /usr/lib/gcc/arm-none-eabi/8.3.1/thumb/v7-m/nofp/crtbegin.o
__stack                                           /usr/lib/gcc/arm-none-eabi/8.3.1/../../../arm-none-eabi/lib/thumb/v7-m/nofp/crt0.o
__subsf3                                          /usr/lib/gcc/arm-none-eabi/8.3.1/thumb/v7-m/nofp/libgcc.a(_arm_addsubsf3.o)
_ebss                                             lib/startup_stm32f10x_hd.o
_edata                                            lib/startup_stm32f10x_hd.o
_estack                                           lib/startup_stm32f10x_hd.o
_exit                                             /usr/lib/gcc/arm-none-eabi/8.3.1/../../../arm-none-eabi/lib/thumb/v7-m/nofp/libc.a(lib_a-exit.o)
_fini                                             /usr/lib/gcc/arm-none-eabi/8.3.1/thumb/v7-m/nofp/crti.o
                                                  /usr/lib/gcc/arm-none-eabi/8.3.1/../../../arm-none-eabi/lib/thumb/v7-m/nofp/libc.a(lib_a-fini.o)
_global_impure_ptr                                /usr/lib/gcc/arm-none-eabi/8.3.1/../../../arm-none-eabi/lib/thumb/v7-m/nofp/libc.a(lib_a-impure.o)
                                                  /usr/lib/gcc/arm-none-eabi/8.3.1/../../../arm-none-eabi/lib/thumb/v7-m/nofp/libc.a(lib_a-__call_atexit.o)
                                                  /usr/lib/gcc/arm-none-eabi/8.3.1/../../../arm-none-eabi/lib/thumb/v7-m/nofp/libc.a(lib_a-__atexit.o)
                                                  /usr/lib/gcc/arm-none-eabi/8.3.1/../../../arm-none-eabi/lib/thumb/v7-m/nofp/libc.a(lib_a-exit.o)
_impure_ptr                                       /usr/lib/gcc/arm-none-eabi/8.3.1/../../../arm-none-eabi/lib/thumb/v7-m/nofp/libc.a(lib_a-impure.o)
_init                                             /usr/lib/gcc/arm-none-eabi/8.3.1/thumb/v7-m/nofp/crti.o
                                                  /usr/lib/gcc/arm-none-eabi/8.3.1/../../../arm-none-eabi/lib/thumb/v7-m/nofp/libc.a(lib_a-init.o)
_mainCRTStartup                                   /usr/lib/gcc/arm-none-eabi/8.3.1/../../../arm-none-eabi/lib/thumb/v7-m/nofp/crt0.o
_sbss                                             lib/startup_stm32f10x_hd.o
_sdata                                            lib/startup_stm32f10x_hd.o
_sidata                                           lib/startup_stm32f10x_hd.o
_stack_init                                       /usr/lib/gcc/arm-none-eabi/8.3.1/../../../arm-none-eabi/lib/thumb/v7-m/nofp/crt0.o
_start                                            /usr/lib/gcc/arm-none-eabi/8.3.1/../../../arm-none-eabi/lib/thumb/v7-m/nofp/crt0.o
atexit                                            /usr/lib/gcc/arm-none-eabi/8.3.1/../../../arm-none-eabi/lib/thumb/v7-m/nofp/libc.a(lib_a-atexit.o)
                                                  /usr/lib/gcc/arm-none-eabi/8.3.1/../../../arm-none-eabi/lib/thumb/v7-m/nofp/libc.a(lib_a-__call_atexit.o)
                                                  /usr/lib/gcc/arm-none-eabi/8.3.1/../../../arm-none-eabi/lib/thumb/v7-m/nofp/crt0.o
beepinit                                          ware/beep/beep.o
                                                  main.o
delay_init                                        ware/delay/delay.o
                                                  main.o
delay_ms                                          ware/delay/delay.o
                                                  main.o
                                                  ware/key/key.o
                                                  ware/exti/exti.o
delay_us                                          ware/delay/delay.o
exit                                              /usr/lib/gcc/arm-none-eabi/8.3.1/../../../arm-none-eabi/lib/thumb/v7-m/nofp/libc.a(lib_a-exit.o)
                                                  /usr/lib/gcc/arm-none-eabi/8.3.1/../../../arm-none-eabi/lib/thumb/v7-m/nofp/crt0.o
extixinit                                         ware/exti/exti.o
g_pfnVectors                                      lib/startup_stm32f10x_hd.o
hardware_init_hook                                /usr/lib/gcc/arm-none-eabi/8.3.1/../../../arm-none-eabi/lib/thumb/v7-m/nofp/crt0.o
iwdgfeed                                          ware/iwdg/iwdg.o
iwdginit                                          ware/iwdg/iwdg.o
keydown                                           main.o
keyinit                                           ware/key/key.o
                                                  main.o
                                                  ware/exti/exti.o
keyscan                                           ware/key/key.o
                                                  main.o
ledinit                                           ware/led/led.o
                                                  main.o
main                                              main.o
                                                  lib/startup_stm32f10x_hd.o
                                                  /usr/lib/gcc/arm-none-eabi/8.3.1/../../../arm-none-eabi/lib/thumb/v7-m/nofp/crt0.o
memset                                            /usr/lib/gcc/arm-none-eabi/8.3.1/../../../arm-none-eabi/lib/thumb/v7-m/nofp/libc.a(lib_a-memset.o)
                                                  /usr/lib/gcc/arm-none-eabi/8.3.1/../../../arm-none-eabi/lib/thumb/v7-m/nofp/crt0.o
software_init_hook                                /usr/lib/gcc/arm-none-eabi/8.3.1/../../../arm-none-eabi/lib/thumb/v7-m/nofp/crt0.o
uart_init                                         ware/usart/usart.o
wwdginit                                          ware/wwdg/wwdg.o
wwdgsetcounter                                    ware/wwdg/wwdg.o